[2026-05-12 14:20:22] production.ERROR: The D:\Project Android Studio\Trackly\PMOB_Bulan_Mei_POV_Pengguna-main\Projet_Laravel\bootstrap\cache directory must be present and writable. {"exception":"[object] (Exception(code: 0): The D:\\Project Android Studio\\Trackly\\PMOB_Bulan_Mei_POV_Pengguna-main\\Projet_Laravel\\bootstrap\\cache directory must be present and writable. at D:/Project Android Studio/Trackly/PMOB_Bulan_Mei_POV_Pengguna-main/Projet_Laravel/vendor/laravel/framework/src/Illuminate/Foundation/PackageManifest.php:179)
[stacktrace]
#0 D:/Project Android Studio/Trackly/PMOB_Bulan_Mei_POV_Pengguna-main/Projet_Laravel/vendor/laravel/framework/src/Illuminate/Foundation/PackageManifest.php(132): Illuminate/Foundation/PackageManifest->write(Array)
#1 D:/Project Android Studio/Trackly/PMOB_Bulan_Mei_POV_Pengguna-main/Projet_Laravel/vendor/laravel/framework/src/Illuminate/Foundation/PackageManifest.php(108): Illuminate/Foundation/PackageManifest->build()
#2 D:/Project Android Studio/Trackly/PMOB_Bulan_Mei_POV_Pengguna-main/Projet_Laravel/vendor/laravel/framework/src/Illuminate/Foundation/PackageManifest.php(91): Illuminate/Foundation/PackageManifest->getManifest()
#3 D:/Project Android Studio/Trackly/PMOB_Bulan_Mei_POV_Pengguna-main/Projet_Laravel/vendor/laravel/framework/src/Illuminate/Foundation/PackageManifest.php(80): Illuminate/Foundation/PackageManifest->config('aliases')
#4 D:/Project Android Studio/Trackly/PMOB_Bulan_Mei_POV_Pengguna-main/Projet_Laravel/vendor/laravel/framework/src/Illuminate/Foundation/Bootstrap/RegisterFacades.php(26): Illuminate/Foundation/PackageManifest->aliases()
#5 D:/Project Android Studio/Trackly/PMOB_Bulan_Mei_POV_Pengguna-main/Projet_Laravel/vendor/laravel/framework/src/Illuminate/Foundation/Application.php(342): Illuminate/Foundation/Bootstrap/RegisterFacades->bootstrap(Object(Illuminate/Foundation/Application))
#6 D:/Project Android Studio/Trackly/PMOB_Bulan_Mei_POV_Pengguna-main/Projet_Laravel/vendor/laravel/framework/src/Illuminate/Foundation/Console/Kernel.php(474): Illuminate/Foundation/Application->bootstrapWith(Array)
#7 D:/Project Android Studio/Trackly/PMOB_Bulan_Mei_POV_Pengguna-main/Projet_Laravel/vendor/laravel/framework/src/Illuminate/Foundation/Console/Kernel.php(196): Illuminate/Foundation/Console/Kernel->bootstrap()
#8 D:/Project Android Studio/Trackly/PMOB_Bulan_Mei_POV_Pengguna-main/Projet_Laravel/artisan(35): Illuminate/Foundation/Console/Kernel->handle(Object(Symfony/Component/Console/Input/ArgvInput), Object(Symfony/Component/Console/Output/ConsoleOutput))
#9 {main}
"} 
[2026-05-12 14:20:32] production.ERROR: The D:\Project Android Studio\Trackly\PMOB_Bulan_Mei_POV_Pengguna-main\Projet_Laravel\bootstrap\cache directory must be present and writable. {"exception":"[object] (Exception(code: 0): The D:\\Project Android Studio\\Trackly\\PMOB_Bulan_Mei_POV_Pengguna-main\\Projet_Laravel\\bootstrap\\cache directory must be present and writable. at D:/Project Android Studio/Trackly/PMOB_Bulan_Mei_POV_Pengguna-main/Projet_Laravel/vendor/laravel/framework/src/Illuminate/Foundation/PackageManifest.php:179)
[stacktrace]
#0 D:/Project Android Studio/Trackly/PMOB_Bulan_Mei_POV_Pengguna-main/Projet_Laravel/vendor/laravel/framework/src/Illuminate/Foundation/PackageManifest.php(132): Illuminate/Foundation/PackageManifest->write(Array)
#1 D:/Project Android Studio/Trackly/PMOB_Bulan_Mei_POV_Pengguna-main/Projet_Laravel/vendor/laravel/framework/src/Illuminate/Foundation/PackageManifest.php(108): Illuminate/Foundation/PackageManifest->build()
#2 D:/Project Android Studio/Trackly/PMOB_Bulan_Mei_POV_Pengguna-main/Projet_Laravel/vendor/laravel/framework/src/Illuminate/Foundation/PackageManifest.php(91): Illuminate/Foundation/PackageManifest->getManifest()
#3 D:/Project Android Studio/Trackly/PMOB_Bulan_Mei_POV_Pengguna-main/Projet_Laravel/vendor/laravel/framework/src/Illuminate/Foundation/PackageManifest.php(80): Illuminate/Foundation/PackageManifest->config('aliases')
#4 D:/Project Android Studio/Trackly/PMOB_Bulan_Mei_POV_Pengguna-main/Projet_Laravel/vendor/laravel/framework/src/Illuminate/Foundation/Bootstrap/RegisterFacades.php(26): Illuminate/Foundation/PackageManifest->aliases()
#5 D:/Project Android Studio/Trackly/PMOB_Bulan_Mei_POV_Pengguna-main/Projet_Laravel/vendor/laravel/framework/src/Illuminate/Foundation/Application.php(342): Illuminate/Foundation/Bootstrap/RegisterFacades->bootstrap(Object(Illuminate/Foundation/Application))
#6 D:/Project Android Studio/Trackly/PMOB_Bulan_Mei_POV_Pengguna-main/Projet_Laravel/vendor/laravel/framework/src/Illuminate/Foundation/Console/Kernel.php(474): Illuminate/Foundation/Application->bootstrapWith(Array)
#7 D:/Project Android Studio/Trackly/PMOB_Bulan_Mei_POV_Pengguna-main/Projet_Laravel/vendor/laravel/framework/src/Illuminate/Foundation/Console/Kernel.php(196): Illuminate/Foundation/Console/Kernel->bootstrap()
#8 D:/Project Android Studio/Trackly/PMOB_Bulan_Mei_POV_Pengguna-main/Projet_Laravel/artisan(35): Illuminate/Foundation/Console/Kernel->handle(Object(Symfony/Component/Console/Input/ArgvInput), Object(Symfony/Component/Console/Output/ConsoleOutput))
#9 {main}
"} 
[2026-05-12 14:30:35] production.ERROR: SQLSTATE[HY000] [2002] No connection could be made because the target machine actively refused it (Connection: mysql, SQL: select exists (select 1 from information_schema.tables where table_schema = 'forge' and table_name = 'migrations' and table_type in ('BASE TABLE', 'SYSTEM VERSIONED')) as `exists`) {"exception":"[object] (Illuminate\\Database\\QueryException(code: 2002): SQLSTATE[HY000] [2002] No connection could be made because the target machine actively refused it (Connection: mysql, SQL: select exists (select 1 from information_schema.tables where table_schema = 'forge' and table_name = 'migrations' and table_type in ('BASE TABLE', 'SYSTEM VERSIONED')) as `exists`) at D:/Project Android Studio/Trackly/PMOB_Bulan_Mei_POV_Pengguna-main/Projet_Laravel/vendor/laravel/framework/src/Illuminate/Database/Connection.php:825)
[stacktrace]
#0 D:/Project Android Studio/Trackly/PMOB_Bulan_Mei_POV_Pengguna-main/Projet_Laravel/vendor/laravel/framework/src/Illuminate/Database/Connection.php(979): Illuminate/Database/Connection->runQueryCallback('select exists (...', Array, Object(Closure))
#1 D:/Project Android Studio/Trackly/PMOB_Bulan_Mei_POV_Pengguna-main/Projet_Laravel/vendor/laravel/framework/src/Illuminate/Database/Connection.php(958): Illuminate/Database/Connection->tryAgainIfCausedByLostConnection(Object(Illuminate/Database/QueryException), 'select exists (...', Array, Object(Closure))
#2 D:/Project Android Studio/Trackly/PMOB_Bulan_Mei_POV_Pengguna-main/Projet_Laravel/vendor/laravel/framework/src/Illuminate/Database/Connection.php(781): Illuminate/Database/Connection->handleQueryException(Object(Illuminate/Database/QueryException), 'select exists (...', Array, Object(Closure))
#3 D:/Project Android Studio/Trackly/PMOB_Bulan_Mei_POV_Pengguna-main/Projet_Laravel/vendor/laravel/framework/src/Illuminate/Database/Connection.php(398): Illuminate/Database/Connection->run('select exists (...', Array, Object(Closure))
#4 D:/Project Android Studio/Trackly/PMOB_Bulan_Mei_POV_Pengguna-main/Projet_Laravel/vendor/laravel/framework/src/Illuminate/Database/Connection.php(344): Illuminate/Database/Connection->select('select exists (...', Array, true)
#5 D:/Project Android Studio/Trackly/PMOB_Bulan_Mei_POV_Pengguna-main/Projet_Laravel/vendor/laravel/framework/src/Illuminate/Database/Connection.php(361): Illuminate/Database/Connection->selectOne('select exists (...', Array, true)
#6 D:/Project Android Studio/Trackly/PMOB_Bulan_Mei_POV_Pengguna-main/Projet_Laravel/vendor/laravel/framework/src/Illuminate/Database/Schema/MySqlBuilder.php(45): Illuminate/Database/Connection->scalar('select exists (...')
#7 D:/Project Android Studio/Trackly/PMOB_Bulan_Mei_POV_Pengguna-main/Projet_Laravel/vendor/laravel/framework/src/Illuminate/Database/Migrations/DatabaseMigrationRepository.php(184): Illuminate/Database/Schema/MySqlBuilder->hasTable('migrations')
#8 D:/Project Android Studio/Trackly/PMOB_Bulan_Mei_POV_Pengguna-main/Projet_Laravel/vendor/laravel/framework/src/Illuminate/Database/Migrations/Migrator.php(742): Illuminate/Database/Migrations/DatabaseMigrationRepository->repositoryExists()
#9 D:/Project Android Studio/Trackly/PMOB_Bulan_Mei_POV_Pengguna-main/Projet_Laravel/vendor/laravel/framework/src/Illuminate/Database/Console/Migrations/MigrateCommand.php(165): Illuminate/Database/Migrations/Migrator->repositoryExists()
#10 D:/Project Android Studio/Trackly/PMOB_Bulan_Mei_POV_Pengguna-main/Projet_Laravel/vendor/laravel/framework/src/Illuminate/Support/helpers.php(338): Illuminate/Database/Console/Migrations/MigrateCommand->Illuminate/Database/Console/Migrations/{closure}(1)
#11 D:/Project Android Studio/Trackly/PMOB_Bulan_Mei_POV_Pengguna-main/Projet_Laravel/vendor/laravel/framework/src/Illuminate/Database/Console/Migrations/MigrateCommand.php(165): retry(1, Object(Closure), 0, Object(Closure))
#12 D:/Project Android Studio/Trackly/PMOB_Bulan_Mei_POV_Pengguna-main/Projet_Laravel/vendor/laravel/framework/src/Illuminate/Database/Console/Migrations/MigrateCommand.php(141): Illuminate/Database/Console/Migrations/MigrateCommand->repositoryExists()
#13 D:/Project Android Studio/Trackly/PMOB_Bulan_Mei_POV_Pengguna-main/Projet_Laravel/vendor/laravel/framework/src/Illuminate/Database/Console/Migrations/MigrateCommand.php(111): Illuminate/Database/Console/Migrations/MigrateCommand->prepareDatabase()
#14 D:/Project Android Studio/Trackly/PMOB_Bulan_Mei_POV_Pengguna-main/Projet_Laravel/vendor/laravel/framework/src/Illuminate/Database/Migrations/Migrator.php(658): Illuminate/Database/Console/Migrations/MigrateCommand->Illuminate/Database/Console/Migrations/{closure}()
#15 D:/Project Android Studio/Trackly/PMOB_Bulan_Mei_POV_Pengguna-main/Projet_Laravel/vendor/laravel/framework/src/Illuminate/Database/Console/Migrations/MigrateCommand.php(110): Illuminate/Database/Migrations/Migrator->usingConnection(NULL, Object(Closure))
#16 D:/Project Android Studio/Trackly/PMOB_Bulan_Mei_POV_Pengguna-main/Projet_Laravel/vendor/laravel/framework/src/Illuminate/Database/Console/Migrations/MigrateCommand.php(89): Illuminate/Database/Console/Migrations/MigrateCommand->runMigrations()
#17 D:/Project Android Studio/Trackly/PMOB_Bulan_Mei_POV_Pengguna-main/Projet_Laravel/vendor/laravel/framework/src/Illuminate/Container/BoundMethod.php(36): Illuminate/Database/Console/Migrations/MigrateCommand->handle()
#18 D:/Project Android Studio/Trackly/PMOB_Bulan_Mei_POV_Pengguna-main/Projet_Laravel/vendor/laravel/framework/src/Illuminate/Container/Util.php(43): Illuminate/Container/BoundMethod::Illuminate/Container/{closure}()
#19 D:/Project Android Studio/Trackly/PMOB_Bulan_Mei_POV_Pengguna-main/Projet_Laravel/vendor/laravel/framework/src/Illuminate/Container/BoundMethod.php(95): Illuminate/Container/Util::unwrapIfClosure(Object(Closure))
#20 D:/Project Android Studio/Trackly/PMOB_Bulan_Mei_POV_Pengguna-main/Projet_Laravel/vendor/laravel/framework/src/Illuminate/Container/BoundMethod.php(35): Illuminate/Container/BoundMethod::callBoundMethod(Object(Illuminate/Foundation/Application), Array, Object(Closure))
#21 D:/Project Android Studio/Trackly/PMOB_Bulan_Mei_POV_Pengguna-main/Projet_Laravel/vendor/laravel/framework/src/Illuminate/Container/Container.php(696): Illuminate/Container/BoundMethod::call(Object(Illuminate/Foundation/Application), Array, Array, NULL)
#22 D:/Project Android Studio/Trackly/PMOB_Bulan_Mei_POV_Pengguna-main/Projet_Laravel/vendor/laravel/framework/src/Illuminate/Console/Command.php(213): Illuminate/Container/Container->call(Array)
#23 D:/Project Android Studio/Trackly/PMOB_Bulan_Mei_POV_Pengguna-main/Projet_Laravel/vendor/symfony/console/Command/Command.php(341): Illuminate/Console/Command->execute(Object(Symfony/Component/Console/Input/ArgvInput), Object(Illuminate/Console/OutputStyle))
#24 D:/Project Android Studio/Trackly/PMOB_Bulan_Mei_POV_Pengguna-main/Projet_Laravel/vendor/laravel/framework/src/Illuminate/Console/Command.php(182): Symfony/Component/Console/Command/Command->run(Object(Symfony/Component/Console/Input/ArgvInput), Object(Illuminate/Console/OutputStyle))
#25 D:/Project Android Studio/Trackly/PMOB_Bulan_Mei_POV_Pengguna-main/Projet_Laravel/vendor/symfony/console/Application.php(1117): Illuminate/Console/Command->run(Object(Symfony/Component/Console/Input/ArgvInput), Object(Symfony/Component/Console/Output/ConsoleOutput))
#26 D:/Project Android Studio/Trackly/PMOB_Bulan_Mei_POV_Pengguna-main/Projet_Laravel/vendor/symfony/console/Application.php(356): Symfony/Component/Console/Application->doRunCommand(Object(Illuminate/Database/Console/Migrations/MigrateCommand), Object(Symfony/Component/Console/Input/ArgvInput), Object(Symfony/Component/Console/Output/ConsoleOutput))
#27 D:/Project Android Studio/Trackly/PMOB_Bulan_Mei_POV_Pengguna-main/Projet_Laravel/vendor/symfony/console/Application.php(195): Symfony/Component/Console/Application->doRun(Object(Symfony/Component/Console/Input/ArgvInput), Object(Symfony/Component/Console/Output/ConsoleOutput))
#28 D:/Project Android Studio/Trackly/PMOB_Bulan_Mei_POV_Pengguna-main/Projet_Laravel/vendor/laravel/framework/src/Illuminate/Foundation/Console/Kernel.php(198): Symfony/Component/Console/Application->run(Object(Symfony/Component/Console/Input/ArgvInput), Object(Symfony/Component/Console/Output/ConsoleOutput))
#29 D:/Project Android Studio/Trackly/PMOB_Bulan_Mei_POV_Pengguna-main/Projet_Laravel/artisan(35): Illuminate/Foundation/Console/Kernel->handle(Object(Symfony/Component/Console/Input/ArgvInput), Object(Symfony/Component/Console/Output/ConsoleOutput))
#30 {main}

[previous exception] [object] (PDOException(code: 2002): SQLSTATE[HY000] [2002] No connection could be made because the target machine actively refused it at D:/Project Android Studio/Trackly/PMOB_Bulan_Mei_POV_Pengguna-main/Projet_Laravel/vendor/laravel/framework/src/Illuminate/Database/Connectors/Connector.php:66)
[stacktrace]
#0 D:/Project Android Studio/Trackly/PMOB_Bulan_Mei_POV_Pengguna-main/Projet_Laravel/vendor/laravel/framework/src/Illuminate/Database/Connectors/Connector.php(66): PDO->__construct('mysql:host=127....', 'forge', Object(SensitiveParameterValue), Array)
#1 D:/Project Android Studio/Trackly/PMOB_Bulan_Mei_POV_Pengguna-main/Projet_Laravel/vendor/laravel/framework/src/Illuminate/Database/Connectors/Connector.php(85): Illuminate/Database/Connectors/Connector->createPdoConnection('mysql:host=127....', 'forge', Object(SensitiveParameterValue), Array)
#2 D:/Project Android Studio/Trackly/PMOB_Bulan_Mei_POV_Pengguna-main/Projet_Laravel/vendor/laravel/framework/src/Illuminate/Database/Connectors/Connector.php(48): Illuminate/Database/Connectors/Connector->tryAgainIfCausedByLostConnection(Object(PDOException), 'mysql:host=127....', 'forge', Object(SensitiveParameterValue), Array)
#3 D:/Project Android Studio/Trackly/PMOB_Bulan_Mei_POV_Pengguna-main/Projet_Laravel/vendor/laravel/framework/src/Illuminate/Database/Connectors/MySqlConnector.php(24): Illuminate/Database/Connectors/Connector->createConnection('mysql:host=127....', Array, Array)
#4 D:/Project Android Studio/Trackly/PMOB_Bulan_Mei_POV_Pengguna-main/Projet_Laravel/vendor/laravel/framework/src/Illuminate/Database/Connectors/ConnectionFactory.php(185): Illuminate/Database/Connectors/MySqlConnector->connect(Array)
#5 [internal function]: Illuminate/Database/Connectors/ConnectionFactory->Illuminate/Database/Connectors/{closure}()
#6 D:/Project Android Studio/Trackly/PMOB_Bulan_Mei_POV_Pengguna-main/Projet_Laravel/vendor/laravel/framework/src/Illuminate/Database/Connection.php(1231): call_user_func(Object(Closure))
#7 D:/Project Android Studio/Trackly/PMOB_Bulan_Mei_POV_Pengguna-main/Projet_Laravel/vendor/laravel/framework/src/Illuminate/Database/Connection.php(1267): Illuminate/Database/Connection->getPdo()
#8 D:/Project Android Studio/Trackly/PMOB_Bulan_Mei_POV_Pengguna-main/Projet_Laravel/vendor/laravel/framework/src/Illuminate/Database/Connection.php(512): Illuminate/Database/Connection->getReadPdo()
#9 D:/Project Android Studio/Trackly/PMOB_Bulan_Mei_POV_Pengguna-main/Projet_Laravel/vendor/laravel/framework/src/Illuminate/Database/Connection.php(407): Illuminate/Database/Connection->getPdoForSelect(true)
#10 D:/Project Android Studio/Trackly/PMOB_Bulan_Mei_POV_Pengguna-main/Projet_Laravel/vendor/laravel/framework/src/Illuminate/Database/Connection.php(812): Illuminate/Database/Connection->Illuminate/Database/{closure}('select exists (...', Array)
#11 D:/Project Android Studio/Trackly/PMOB_Bulan_Mei_POV_Pengguna-main/Projet_Laravel/vendor/laravel/framework/src/Illuminate/Database/Connection.php(979): Illuminate/Database/Connection->runQueryCallback('select exists (...', Array, Object(Closure))
#12 D:/Project Android Studio/Trackly/PMOB_Bulan_Mei_POV_Pengguna-main/Projet_Laravel/vendor/laravel/framework/src/Illuminate/Database/Connection.php(958): Illuminate/Database/Connection->tryAgainIfCausedByLostConnection(Object(Illuminate/Database/QueryException), 'select exists (...', Array, Object(Closure))
#13 D:/Project Android Studio/Trackly/PMOB_Bulan_Mei_POV_Pengguna-main/Projet_Laravel/vendor/laravel/framework/src/Illuminate/Database/Connection.php(781): Illuminate/Database/Connection->handleQueryException(Object(Illuminate/Database/QueryException), 'select exists (...', Array, Object(Closure))
#14 D:/Project Android Studio/Trackly/PMOB_Bulan_Mei_POV_Pengguna-main/Projet_Laravel/vendor/laravel/framework/src/Illuminate/Database/Connection.php(398): Illuminate/Database/Connection->run('select exists (...', Array, Object(Closure))
#15 D:/Project Android Studio/Trackly/PMOB_Bulan_Mei_POV_Pengguna-main/Projet_Laravel/vendor/laravel/framework/src/Illuminate/Database/Connection.php(344): Illuminate/Database/Connection->select('select exists (...', Array, true)
#16 D:/Project Android Studio/Trackly/PMOB_Bulan_Mei_POV_Pengguna-main/Projet_Laravel/vendor/laravel/framework/src/Illuminate/Database/Connection.php(361): Illuminate/Database/Connection->selectOne('select exists (...', Array, true)
#17 D:/Project Android Studio/Trackly/PMOB_Bulan_Mei_POV_Pengguna-main/Projet_Laravel/vendor/laravel/framework/src/Illuminate/Database/Schema/MySqlBuilder.php(45): Illuminate/Database/Connection->scalar('select exists (...')
#18 D:/Project Android Studio/Trackly/PMOB_Bulan_Mei_POV_Pengguna-main/Projet_Laravel/vendor/laravel/framework/src/Illuminate/Database/Migrations/DatabaseMigrationRepository.php(184): Illuminate/Database/Schema/MySqlBuilder->hasTable('migrations')
#19 D:/Project Android Studio/Trackly/PMOB_Bulan_Mei_POV_Pengguna-main/Projet_Laravel/vendor/laravel/framework/src/Illuminate/Database/Migrations/Migrator.php(742): Illuminate/Database/Migrations/DatabaseMigrationRepository->repositoryExists()
#20 D:/Project Android Studio/Trackly/PMOB_Bulan_Mei_POV_Pengguna-main/Projet_Laravel/vendor/laravel/framework/src/Illuminate/Database/Console/Migrations/MigrateCommand.php(165): Illuminate/Database/Migrations/Migrator->repositoryExists()
#21 D:/Project Android Studio/Trackly/PMOB_Bulan_Mei_POV_Pengguna-main/Projet_Laravel/vendor/laravel/framework/src/Illuminate/Support/helpers.php(338): Illuminate/Database/Console/Migrations/MigrateCommand->Illuminate/Database/Console/Migrations/{closure}(1)
#22 D:/Project Android Studio/Trackly/PMOB_Bulan_Mei_POV_Pengguna-main/Projet_Laravel/vendor/laravel/framework/src/Illuminate/Database/Console/Migrations/MigrateCommand.php(165): retry(1, Object(Closure), 0, Object(Closure))
#23 D:/Project Android Studio/Trackly/PMOB_Bulan_Mei_POV_Pengguna-main/Projet_Laravel/vendor/laravel/framework/src/Illuminate/Database/Console/Migrations/MigrateCommand.php(141): Illuminate/Database/Console/Migrations/MigrateCommand->repositoryExists()
#24 D:/Project Android Studio/Trackly/PMOB_Bulan_Mei_POV_Pengguna-main/Projet_Laravel/vendor/laravel/framework/src/Illuminate/Database/Console/Migrations/MigrateCommand.php(111): Illuminate/Database/Console/Migrations/MigrateCommand->prepareDatabase()
#25 D:/Project Android Studio/Trackly/PMOB_Bulan_Mei_POV_Pengguna-main/Projet_Laravel/vendor/laravel/framework/src/Illuminate/Database/Migrations/Migrator.php(658): Illuminate/Database/Console/Migrations/MigrateCommand->Illuminate/Database/Console/Migrations/{closure}()
#26 D:/Project Android Studio/Trackly/PMOB_Bulan_Mei_POV_Pengguna-main/Projet_Laravel/vendor/laravel/framework/src/Illuminate/Database/Console/Migrations/MigrateCommand.php(110): Illuminate/Database/Migrations/Migrator->usingConnection(NULL, Object(Closure))
#27 D:/Project Android Studio/Trackly/PMOB_Bulan_Mei_POV_Pengguna-main/Projet_Laravel/vendor/laravel/framework/src/Illuminate/Database/Console/Migrations/MigrateCommand.php(89): Illuminate/Database/Console/Migrations/MigrateCommand->runMigrations()
#28 D:/Project Android Studio/Trackly/PMOB_Bulan_Mei_POV_Pengguna-main/Projet_Laravel/vendor/laravel/framework/src/Illuminate/Container/BoundMethod.php(36): Illuminate/Database/Console/Migrations/MigrateCommand->handle()
#29 D:/Project Android Studio/Trackly/PMOB_Bulan_Mei_POV_Pengguna-main/Projet_Laravel/vendor/laravel/framework/src/Illuminate/Container/Util.php(43): Illuminate/Container/BoundMethod::Illuminate/Container/{closure}()
#30 D:/Project Android Studio/Trackly/PMOB_Bulan_Mei_POV_Pengguna-main/Projet_Laravel/vendor/laravel/framework/src/Illuminate/Container/BoundMethod.php(95): Illuminate/Container/Util::unwrapIfClosure(Object(Closure))
#31 D:/Project Android Studio/Trackly/PMOB_Bulan_Mei_POV_Pengguna-main/Projet_Laravel/vendor/laravel/framework/src/Illuminate/Container/BoundMethod.php(35): Illuminate/Container/BoundMethod::callBoundMethod(Object(Illuminate/Foundation/Application), Array, Object(Closure))
#32 D:/Project Android Studio/Trackly/PMOB_Bulan_Mei_POV_Pengguna-main/Projet_Laravel/vendor/laravel/framework/src/Illuminate/Container/Container.php(696): Illuminate/Container/BoundMethod::call(Object(Illuminate/Foundation/Application), Array, Array, NULL)
#33 D:/Project Android Studio/Trackly/PMOB_Bulan_Mei_POV_Pengguna-main/Projet_Laravel/vendor/laravel/framework/src/Illuminate/Console/Command.php(213): Illuminate/Container/Container->call(Array)
#34 D:/Project Android Studio/Trackly/PMOB_Bulan_Mei_POV_Pengguna-main/Projet_Laravel/vendor/symfony/console/Command/Command.php(341): Illuminate/Console/Command->execute(Object(Symfony/Component/Console/Input/ArgvInput), Object(Illuminate/Console/OutputStyle))
#35 D:/Project Android Studio/Trackly/PMOB_Bulan_Mei_POV_Pengguna-main/Projet_Laravel/vendor/laravel/framework/src/Illuminate/Console/Command.php(182): Symfony/Component/Console/Command/Command->run(Object(Symfony/Component/Console/Input/ArgvInput), Object(Illuminate/Console/OutputStyle))
#36 D:/Project Android Studio/Trackly/PMOB_Bulan_Mei_POV_Pengguna-main/Projet_Laravel/vendor/symfony/console/Application.php(1117): Illuminate/Console/Command->run(Object(Symfony/Component/Console/Input/ArgvInput), Object(Symfony/Component/Console/Output/ConsoleOutput))
#37 D:/Project Android Studio/Trackly/PMOB_Bulan_Mei_POV_Pengguna-main/Projet_Laravel/vendor/symfony/console/Application.php(356): Symfony/Component/Console/Application->doRunCommand(Object(Illuminate/Database/Console/Migrations/MigrateCommand), Object(Symfony/Component/Console/Input/ArgvInput), Object(Symfony/Component/Console/Output/ConsoleOutput))
#38 D:/Project Android Studio/Trackly/PMOB_Bulan_Mei_POV_Pengguna-main/Projet_Laravel/vendor/symfony/console/Application.php(195): Symfony/Component/Console/Application->doRun(Object(Symfony/Component/Console/Input/ArgvInput), Object(Symfony/Component/Console/Output/ConsoleOutput))
#39 D:/Project Android Studio/Trackly/PMOB_Bulan_Mei_POV_Pengguna-main/Projet_Laravel/vendor/laravel/framework/src/Illuminate/Foundation/Console/Kernel.php(198): Symfony/Component/Console/Application->run(Object(Symfony/Component/Console/Input/ArgvInput), Object(Symfony/Component/Console/Output/ConsoleOutput))
#40 D:/Project Android Studio/Trackly/PMOB_Bulan_Mei_POV_Pengguna-main/Projet_Laravel/artisan(35): Illuminate/Foundation/Console/Kernel->handle(Object(Symfony/Component/Console/Input/ArgvInput), Object(Symfony/Component/Console/Output/ConsoleOutput))
#41 {main}
"} 
[2026-05-12 14:32:38] local.ERROR: SQLSTATE[HY000]: General error: 1 no such table: riwayat_pengirimen (Connection: sqlite, SQL: insert into "riwayat_pengirimen" ("nomor_resi", "ekspedisi", "pengirim", "penerima", "alamat_penerima", "status_terakhir", "detail_tracking", "tanggal_cek", "updated_at", "created_at") values (JNE123456789, jne, Toko Online, John Doe, Jl. Sudirman No. 123, Jakarta, DELIVERED, [{"date":"2024-01-01","status":"Package received"},{"date":"2024-01-02","status":"In transit"},{"date":"2024-01-03","status":"Delivered"}], 2026-05-12 14:32:38, 2026-05-12 14:32:38, 2026-05-12 14:32:38)) {"exception":"[object] (Illuminate\\Database\\QueryException(code: HY000): SQLSTATE[HY000]: General error: 1 no such table: riwayat_pengirimen (Connection: sqlite, SQL: insert into \"riwayat_pengirimen\" (\"nomor_resi\", \"ekspedisi\", \"pengirim\", \"penerima\", \"alamat_penerima\", \"status_terakhir\", \"detail_tracking\", \"tanggal_cek\", \"updated_at\", \"created_at\") values (JNE123456789, jne, Toko Online, John Doe, Jl. Sudirman No. 123, Jakarta, DELIVERED, [{\"date\":\"2024-01-01\",\"status\":\"Package received\"},{\"date\":\"2024-01-02\",\"status\":\"In transit\"},{\"date\":\"2024-01-03\",\"status\":\"Delivered\"}], 2026-05-12 14:32:38, 2026-05-12 14:32:38, 2026-05-12 14:32:38)) at D:/Project Android Studio/Trackly/PMOB_Bulan_Mei_POV_Pengguna-main/Projet_Laravel/vendor/laravel/framework/src/Illuminate/Database/Connection.php:825)
[stacktrace]
#0 D:/Project Android Studio/Trackly/PMOB_Bulan_Mei_POV_Pengguna-main/Projet_Laravel/vendor/laravel/framework/src/Illuminate/Database/Connection.php(779): Illuminate/Database/Connection->runQueryCallback('insert into \"ri...', Array, Object(Closure))
#1 D:/Project Android Studio/Trackly/PMOB_Bulan_Mei_POV_Pengguna-main/Projet_Laravel/vendor/laravel/framework/src/Illuminate/Database/Connection.php(560): Illuminate/Database/Connection->run('insert into \"ri...', Array, Object(Closure))
#2 D:/Project Android Studio/Trackly/PMOB_Bulan_Mei_POV_Pengguna-main/Projet_Laravel/vendor/laravel/framework/src/Illuminate/Database/Connection.php(524): Illuminate/Database/Connection->statement('insert into \"ri...', Array)
#3 D:/Project Android Studio/Trackly/PMOB_Bulan_Mei_POV_Pengguna-main/Projet_Laravel/vendor/laravel/framework/src/Illuminate/Database/Query/Processors/Processor.php(32): Illuminate/Database/Connection->insert('insert into \"ri...', Array)
#4 D:/Project Android Studio/Trackly/PMOB_Bulan_Mei_POV_Pengguna-main/Projet_Laravel/vendor/laravel/framework/src/Illuminate/Database/Query/Builder.php(3766): Illuminate/Database/Query/Processors/Processor->processInsertGetId(Object(Illuminate/Database/Query/Builder), 'insert into \"ri...', Array, 'id')
#5 D:/Project Android Studio/Trackly/PMOB_Bulan_Mei_POV_Pengguna-main/Projet_Laravel/vendor/laravel/framework/src/Illuminate/Database/Eloquent/Builder.php(2120): Illuminate/Database/Query/Builder->insertGetId(Array, 'id')
#6 D:/Project Android Studio/Trackly/PMOB_Bulan_Mei_POV_Pengguna-main/Projet_Laravel/vendor/laravel/framework/src/Illuminate/Database/Eloquent/Model.php(1359): Illuminate/Database/Eloquent/Builder->__call('insertGetId', Array)
#7 D:/Project Android Studio/Trackly/PMOB_Bulan_Mei_POV_Pengguna-main/Projet_Laravel/vendor/laravel/framework/src/Illuminate/Database/Eloquent/Model.php(1324): Illuminate/Database/Eloquent/Model->insertAndSetId(Object(Illuminate/Database/Eloquent/Builder), Array)
#8 D:/Project Android Studio/Trackly/PMOB_Bulan_Mei_POV_Pengguna-main/Projet_Laravel/vendor/laravel/framework/src/Illuminate/Database/Eloquent/Model.php(1163): Illuminate/Database/Eloquent/Model->performInsert(Object(Illuminate/Database/Eloquent/Builder))
#9 D:/Project Android Studio/Trackly/PMOB_Bulan_Mei_POV_Pengguna-main/Projet_Laravel/vendor/laravel/framework/src/Illuminate/Database/Eloquent/Builder.php(1128): Illuminate/Database/Eloquent/Model->save()
#10 D:/Project Android Studio/Trackly/PMOB_Bulan_Mei_POV_Pengguna-main/Projet_Laravel/vendor/laravel/framework/src/Illuminate/Support/helpers.php(399): Illuminate/Database/Eloquent/Builder->Illuminate/Database/Eloquent/{closure}(Object(App/Models/RiwayatPengiriman))
#11 D:/Project Android Studio/Trackly/PMOB_Bulan_Mei_POV_Pengguna-main/Projet_Laravel/vendor/laravel/framework/src/Illuminate/Database/Eloquent/Builder.php(1127): tap(Object(App/Models/RiwayatPengiriman), Object(Closure))
#12 D:/Project Android Studio/Trackly/PMOB_Bulan_Mei_POV_Pengguna-main/Projet_Laravel/vendor/laravel/framework/src/Illuminate/Support/Traits/ForwardsCalls.php(23): Illuminate/Database/Eloquent/Builder->create(Array)
#13 D:/Project Android Studio/Trackly/PMOB_Bulan_Mei_POV_Pengguna-main/Projet_Laravel/vendor/laravel/framework/src/Illuminate/Database/Eloquent/Model.php(2372): Illuminate/Database/Eloquent/Model->forwardCallTo(Object(Illuminate/Database/Eloquent/Builder), 'create', Array)
#14 D:/Project Android Studio/Trackly/PMOB_Bulan_Mei_POV_Pengguna-main/Projet_Laravel/vendor/laravel/framework/src/Illuminate/Database/Eloquent/Model.php(2384): Illuminate/Database/Eloquent/Model->__call('create', Array)
#15 D:/Project Android Studio/Trackly/PMOB_Bulan_Mei_POV_Pengguna-main/Projet_Laravel/database/seeders/DatabaseSeeder.php(46): Illuminate/Database/Eloquent/Model::__callStatic('create', Array)
#16 D:/Project Android Studio/Trackly/PMOB_Bulan_Mei_POV_Pengguna-main/Projet_Laravel/vendor/laravel/framework/src/Illuminate/Container/BoundMethod.php(36): Database/Seeders/DatabaseSeeder->run()
#17 D:/Project Android Studio/Trackly/PMOB_Bulan_Mei_POV_Pengguna-main/Projet_Laravel/vendor/laravel/framework/src/Illuminate/Container/Util.php(43): Illuminate/Container/BoundMethod::Illuminate/Container/{closure}()
#18 D:/Project Android Studio/Trackly/PMOB_Bulan_Mei_POV_Pengguna-main/Projet_Laravel/vendor/laravel/framework/src/Illuminate/Container/BoundMethod.php(95): Illuminate/Container/Util::unwrapIfClosure(Object(Closure))
#19 D:/Project Android Studio/Trackly/PMOB_Bulan_Mei_POV_Pengguna-main/Projet_Laravel/vendor/laravel/framework/src/Illuminate/Container/BoundMethod.php(35): Illuminate/Container/BoundMethod::callBoundMethod(Object(Illuminate/Foundation/Application), Array, Object(Closure))
#20 D:/Project Android Studio/Trackly/PMOB_Bulan_Mei_POV_Pengguna-main/Projet_Laravel/vendor/laravel/framework/src/Illuminate/Container/Container.php(696): Illuminate/Container/BoundMethod::call(Object(Illuminate/Foundation/Application), Array, Array, NULL)
#21 D:/Project Android Studio/Trackly/PMOB_Bulan_Mei_POV_Pengguna-main/Projet_Laravel/vendor/laravel/framework/src/Illuminate/Database/Seeder.php(188): Illuminate/Container/Container->call(Array, Array)
#22 D:/Project Android Studio/Trackly/PMOB_Bulan_Mei_POV_Pengguna-main/Projet_Laravel/vendor/laravel/framework/src/Illuminate/Database/Seeder.php(197): Illuminate/Database/Seeder->Illuminate/Database/{closure}()
#23 D:/Project Android Studio/Trackly/PMOB_Bulan_Mei_POV_Pengguna-main/Projet_Laravel/vendor/laravel/framework/src/Illuminate/Database/Console/Seeds/SeedCommand.php(70): Illuminate/Database/Seeder->__invoke()
#24 D:/Project Android Studio/Trackly/PMOB_Bulan_Mei_POV_Pengguna-main/Projet_Laravel/vendor/laravel/framework/src/Illuminate/Database/Eloquent/Concerns/GuardsAttributes.php(155): Illuminate/Database/Console/Seeds/SeedCommand->Illuminate/Database/Console/Seeds/{closure}()
#25 D:/Project Android Studio/Trackly/PMOB_Bulan_Mei_POV_Pengguna-main/Projet_Laravel/vendor/laravel/framework/src/Illuminate/Database/Console/Seeds/SeedCommand.php(69): Illuminate/Database/Eloquent/Model::unguarded(Object(Closure))
#26 D:/Project Android Studio/Trackly/PMOB_Bulan_Mei_POV_Pengguna-main/Projet_Laravel/vendor/laravel/framework/src/Illuminate/Container/BoundMethod.php(36): Illuminate/Database/Console/Seeds/SeedCommand->handle()
#27 D:/Project Android Studio/Trackly/PMOB_Bulan_Mei_POV_Pengguna-main/Projet_Laravel/vendor/laravel/framework/src/Illuminate/Container/Util.php(43): Illuminate/Container/BoundMethod::Illuminate/Container/{closure}()
#28 D:/Project Android Studio/Trackly/PMOB_Bulan_Mei_POV_Pengguna-main/Projet_Laravel/vendor/laravel/framework/src/Illuminate/Container/BoundMethod.php(95): Illuminate/Container/Util::unwrapIfClosure(Object(Closure))
#29 D:/Project Android Studio/Trackly/PMOB_Bulan_Mei_POV_Pengguna-main/Projet_Laravel/vendor/laravel/framework/src/Illuminate/Container/BoundMethod.php(35): Illuminate/Container/BoundMethod::callBoundMethod(Object(Illuminate/Foundation/Application), Array, Object(Closure))
#30 D:/Project Android Studio/Trackly/PMOB_Bulan_Mei_POV_Pengguna-main/Projet_Laravel/vendor/laravel/framework/src/Illuminate/Container/Container.php(696): Illuminate/Container/BoundMethod::call(Object(Illuminate/Foundation/Application), Array, Array, NULL)
#31 D:/Project Android Studio/Trackly/PMOB_Bulan_Mei_POV_Pengguna-main/Projet_Laravel/vendor/laravel/framework/src/Illuminate/Console/Command.php(213): Illuminate/Container/Container->call(Array)
#32 D:/Project Android Studio/Trackly/PMOB_Bulan_Mei_POV_Pengguna-main/Projet_Laravel/vendor/symfony/console/Command/Command.php(341): Illuminate/Console/Command->execute(Object(Symfony/Component/Console/Input/ArgvInput), Object(Illuminate/Console/OutputStyle))
#33 D:/Project Android Studio/Trackly/PMOB_Bulan_Mei_POV_Pengguna-main/Projet_Laravel/vendor/laravel/framework/src/Illuminate/Console/Command.php(182): Symfony/Component/Console/Command/Command->run(Object(Symfony/Component/Console/Input/ArgvInput), Object(Illuminate/Console/OutputStyle))
#34 D:/Project Android Studio/Trackly/PMOB_Bulan_Mei_POV_Pengguna-main/Projet_Laravel/vendor/symfony/console/Application.php(1117): Illuminate/Console/Command->run(Object(Symfony/Component/Console/Input/ArgvInput), Object(Symfony/Component/Console/Output/ConsoleOutput))
#35 D:/Project Android Studio/Trackly/PMOB_Bulan_Mei_POV_Pengguna-main/Projet_Laravel/vendor/symfony/console/Application.php(356): Symfony/Component/Console/Application->doRunCommand(Object(Illuminate/Database/Console/Seeds/SeedCommand), Object(Symfony/Component/Console/Input/ArgvInput), Object(Symfony/Component/Console/Output/ConsoleOutput))
#36 D:/Project Android Studio/Trackly/PMOB_Bulan_Mei_POV_Pengguna-main/Projet_Laravel/vendor/symfony/console/Application.php(195): Symfony/Component/Console/Application->doRun(Object(Symfony/Component/Console/Input/ArgvInput), Object(Symfony/Component/Console/Output/ConsoleOutput))
#37 D:/Project Android Studio/Trackly/PMOB_Bulan_Mei_POV_Pengguna-main/Projet_Laravel/vendor/laravel/framework/src/Illuminate/Foundation/Console/Kernel.php(198): Symfony/Component/Console/Application->run(Object(Symfony/Component/Console/Input/ArgvInput), Object(Symfony/Component/Console/Output/ConsoleOutput))
#38 D:/Project Android Studio/Trackly/PMOB_Bulan_Mei_POV_Pengguna-main/Projet_Laravel/artisan(35): Illuminate/Foundation/Console/Kernel->handle(Object(Symfony/Component/Console/Input/ArgvInput), Object(Symfony/Component/Console/Output/ConsoleOutput))
#39 {main}

[previous exception] [object] (PDOException(code: HY000): SQLSTATE[HY000]: General error: 1 no such table: riwayat_pengirimen at D:/Project Android Studio/Trackly/PMOB_Bulan_Mei_POV_Pengguna-main/Projet_Laravel/vendor/laravel/framework/src/Illuminate/Database/Connection.php:565)
[stacktrace]
#0 D:/Project Android Studio/Trackly/PMOB_Bulan_Mei_POV_Pengguna-main/Projet_Laravel/vendor/laravel/framework/src/Illuminate/Database/Connection.php(565): PDO->prepare('insert into \"ri...')
#1 D:/Project Android Studio/Trackly/PMOB_Bulan_Mei_POV_Pengguna-main/Projet_Laravel/vendor/laravel/framework/src/Illuminate/Database/Connection.php(812): Illuminate/Database/Connection->Illuminate/Database/{closure}('insert into \"ri...', Array)
#2 D:/Project Android Studio/Trackly/PMOB_Bulan_Mei_POV_Pengguna-main/Projet_Laravel/vendor/laravel/framework/src/Illuminate/Database/Connection.php(779): Illuminate/Database/Connection->runQueryCallback('insert into \"ri...', Array, Object(Closure))
#3 D:/Project Android Studio/Trackly/PMOB_Bulan_Mei_POV_Pengguna-main/Projet_Laravel/vendor/laravel/framework/src/Illuminate/Database/Connection.php(560): Illuminate/Database/Connection->run('insert into \"ri...', Array, Object(Closure))
#4 D:/Project Android Studio/Trackly/PMOB_Bulan_Mei_POV_Pengguna-main/Projet_Laravel/vendor/laravel/framework/src/Illuminate/Database/Connection.php(524): Illuminate/Database/Connection->statement('insert into \"ri...', Array)
#5 D:/Project Android Studio/Trackly/PMOB_Bulan_Mei_POV_Pengguna-main/Projet_Laravel/vendor/laravel/framework/src/Illuminate/Database/Query/Processors/Processor.php(32): Illuminate/Database/Connection->insert('insert into \"ri...', Array)
#6 D:/Project Android Studio/Trackly/PMOB_Bulan_Mei_POV_Pengguna-main/Projet_Laravel/vendor/laravel/framework/src/Illuminate/Database/Query/Builder.php(3766): Illuminate/Database/Query/Processors/Processor->processInsertGetId(Object(Illuminate/Database/Query/Builder), 'insert into \"ri...', Array, 'id')
#7 D:/Project Android Studio/Trackly/PMOB_Bulan_Mei_POV_Pengguna-main/Projet_Laravel/vendor/laravel/framework/src/Illuminate/Database/Eloquent/Builder.php(2120): Illuminate/Database/Query/Builder->insertGetId(Array, 'id')
#8 D:/Project Android Studio/Trackly/PMOB_Bulan_Mei_POV_Pengguna-main/Projet_Laravel/vendor/laravel/framework/src/Illuminate/Database/Eloquent/Model.php(1359): Illuminate/Database/Eloquent/Builder->__call('insertGetId', Array)
#9 D:/Project Android Studio/Trackly/PMOB_Bulan_Mei_POV_Pengguna-main/Projet_Laravel/vendor/laravel/framework/src/Illuminate/Database/Eloquent/Model.php(1324): Illuminate/Database/Eloquent/Model->insertAndSetId(Object(Illuminate/Database/Eloquent/Builder), Array)
#10 D:/Project Android Studio/Trackly/PMOB_Bulan_Mei_POV_Pengguna-main/Projet_Laravel/vendor/laravel/framework/src/Illuminate/Database/Eloquent/Model.php(1163): Illuminate/Database/Eloquent/Model->performInsert(Object(Illuminate/Database/Eloquent/Builder))
#11 D:/Project Android Studio/Trackly/PMOB_Bulan_Mei_POV_Pengguna-main/Projet_Laravel/vendor/laravel/framework/src/Illuminate/Database/Eloquent/Builder.php(1128): Illuminate/Database/Eloquent/Model->save()
#12 D:/Project Android Studio/Trackly/PMOB_Bulan_Mei_POV_Pengguna-main/Projet_Laravel/vendor/laravel/framework/src/Illuminate/Support/helpers.php(399): Illuminate/Database/Eloquent/Builder->Illuminate/Database/Eloquent/{closure}(Object(App/Models/RiwayatPengiriman))
#13 D:/Project Android Studio/Trackly/PMOB_Bulan_Mei_POV_Pengguna-main/Projet_Laravel/vendor/laravel/framework/src/Illuminate/Database/Eloquent/Builder.php(1127): tap(Object(App/Models/RiwayatPengiriman), Object(Closure))
#14 D:/Project Android Studio/Trackly/PMOB_Bulan_Mei_POV_Pengguna-main/Projet_Laravel/vendor/laravel/framework/src/Illuminate/Support/Traits/ForwardsCalls.php(23): Illuminate/Database/Eloquent/Builder->create(Array)
#15 D:/Project Android Studio/Trackly/PMOB_Bulan_Mei_POV_Pengguna-main/Projet_Laravel/vendor/laravel/framework/src/Illuminate/Database/Eloquent/Model.php(2372): Illuminate/Database/Eloquent/Model->forwardCallTo(Object(Illuminate/Database/Eloquent/Builder), 'create', Array)
#16 D:/Project Android Studio/Trackly/PMOB_Bulan_Mei_POV_Pengguna-main/Projet_Laravel/vendor/laravel/framework/src/Illuminate/Database/Eloquent/Model.php(2384): Illuminate/Database/Eloquent/Model->__call('create', Array)
#17 D:/Project Android Studio/Trackly/PMOB_Bulan_Mei_POV_Pengguna-main/Projet_Laravel/database/seeders/DatabaseSeeder.php(46): Illuminate/Database/Eloquent/Model::__callStatic('create', Array)
#18 D:/Project Android Studio/Trackly/PMOB_Bulan_Mei_POV_Pengguna-main/Projet_Laravel/vendor/laravel/framework/src/Illuminate/Container/BoundMethod.php(36): Database/Seeders/DatabaseSeeder->run()
#19 D:/Project Android Studio/Trackly/PMOB_Bulan_Mei_POV_Pengguna-main/Projet_Laravel/vendor/laravel/framework/src/Illuminate/Container/Util.php(43): Illuminate/Container/BoundMethod::Illuminate/Container/{closure}()
#20 D:/Project Android Studio/Trackly/PMOB_Bulan_Mei_POV_Pengguna-main/Projet_Laravel/vendor/laravel/framework/src/Illuminate/Container/BoundMethod.php(95): Illuminate/Container/Util::unwrapIfClosure(Object(Closure))
#21 D:/Project Android Studio/Trackly/PMOB_Bulan_Mei_POV_Pengguna-main/Projet_Laravel/vendor/laravel/framework/src/Illuminate/Container/BoundMethod.php(35): Illuminate/Container/BoundMethod::callBoundMethod(Object(Illuminate/Foundation/Application), Array, Object(Closure))
#22 D:/Project Android Studio/Trackly/PMOB_Bulan_Mei_POV_Pengguna-main/Projet_Laravel/vendor/laravel/framework/src/Illuminate/Container/Container.php(696): Illuminate/Container/BoundMethod::call(Object(Illuminate/Foundation/Application), Array, Array, NULL)
#23 D:/Project Android Studio/Trackly/PMOB_Bulan_Mei_POV_Pengguna-main/Projet_Laravel/vendor/laravel/framework/src/Illuminate/Database/Seeder.php(188): Illuminate/Container/Container->call(Array, Array)
#24 D:/Project Android Studio/Trackly/PMOB_Bulan_Mei_POV_Pengguna-main/Projet_Laravel/vendor/laravel/framework/src/Illuminate/Database/Seeder.php(197): Illuminate/Database/Seeder->Illuminate/Database/{closure}()
#25 D:/Project Android Studio/Trackly/PMOB_Bulan_Mei_POV_Pengguna-main/Projet_Laravel/vendor/laravel/framework/src/Illuminate/Database/Console/Seeds/SeedCommand.php(70): Illuminate/Database/Seeder->__invoke()
#26 D:/Project Android Studio/Trackly/PMOB_Bulan_Mei_POV_Pengguna-main/Projet_Laravel/vendor/laravel/framework/src/Illuminate/Database/Eloquent/Concerns/GuardsAttributes.php(155): Illuminate/Database/Console/Seeds/SeedCommand->Illuminate/Database/Console/Seeds/{closure}()
#27 D:/Project Android Studio/Trackly/PMOB_Bulan_Mei_POV_Pengguna-main/Projet_Laravel/vendor/laravel/framework/src/Illuminate/Database/Console/Seeds/SeedCommand.php(69): Illuminate/Database/Eloquent/Model::unguarded(Object(Closure))
#28 D:/Project Android Studio/Trackly/PMOB_Bulan_Mei_POV_Pengguna-main/Projet_Laravel/vendor/laravel/framework/src/Illuminate/Container/BoundMethod.php(36): Illuminate/Database/Console/Seeds/SeedCommand->handle()
#29 D:/Project Android Studio/Trackly/PMOB_Bulan_Mei_POV_Pengguna-main/Projet_Laravel/vendor/laravel/framework/src/Illuminate/Container/Util.php(43): Illuminate/Container/BoundMethod::Illuminate/Container/{closure}()
#30 D:/Project Android Studio/Trackly/PMOB_Bulan_Mei_POV_Pengguna-main/Projet_Laravel/vendor/laravel/framework/src/Illuminate/Container/BoundMethod.php(95): Illuminate/Container/Util::unwrapIfClosure(Object(Closure))
#31 D:/Project Android Studio/Trackly/PMOB_Bulan_Mei_POV_Pengguna-main/Projet_Laravel/vendor/laravel/framework/src/Illuminate/Container/BoundMethod.php(35): Illuminate/Container/BoundMethod::callBoundMethod(Object(Illuminate/Foundation/Application), Array, Object(Closure))
#32 D:/Project Android Studio/Trackly/PMOB_Bulan_Mei_POV_Pengguna-main/Projet_Laravel/vendor/laravel/framework/src/Illuminate/Container/Container.php(696): Illuminate/Container/BoundMethod::call(Object(Illuminate/Foundation/Application), Array, Array, NULL)
#33 D:/Project Android Studio/Trackly/PMOB_Bulan_Mei_POV_Pengguna-main/Projet_Laravel/vendor/laravel/framework/src/Illuminate/Console/Command.php(213): Illuminate/Container/Container->call(Array)
#34 D:/Project Android Studio/Trackly/PMOB_Bulan_Mei_POV_Pengguna-main/Projet_Laravel/vendor/symfony/console/Command/Command.php(341): Illuminate/Console/Command->execute(Object(Symfony/Component/Console/Input/ArgvInput), Object(Illuminate/Console/OutputStyle))
#35 D:/Project Android Studio/Trackly/PMOB_Bulan_Mei_POV_Pengguna-main/Projet_Laravel/vendor/laravel/framework/src/Illuminate/Console/Command.php(182): Symfony/Component/Console/Command/Command->run(Object(Symfony/Component/Console/Input/ArgvInput), Object(Illuminate/Console/OutputStyle))
#36 D:/Project Android Studio/Trackly/PMOB_Bulan_Mei_POV_Pengguna-main/Projet_Laravel/vendor/symfony/console/Application.php(1117): Illuminate/Console/Command->run(Object(Symfony/Component/Console/Input/ArgvInput), Object(Symfony/Component/Console/Output/ConsoleOutput))
#37 D:/Project Android Studio/Trackly/PMOB_Bulan_Mei_POV_Pengguna-main/Projet_Laravel/vendor/symfony/console/Application.php(356): Symfony/Component/Console/Application->doRunCommand(Object(Illuminate/Database/Console/Seeds/SeedCommand), Object(Symfony/Component/Console/Input/ArgvInput), Object(Symfony/Component/Console/Output/ConsoleOutput))
#38 D:/Project Android Studio/Trackly/PMOB_Bulan_Mei_POV_Pengguna-main/Projet_Laravel/vendor/symfony/console/Application.php(195): Symfony/Component/Console/Application->doRun(Object(Symfony/Component/Console/Input/ArgvInput), Object(Symfony/Component/Console/Output/ConsoleOutput))
#39 D:/Project Android Studio/Trackly/PMOB_Bulan_Mei_POV_Pengguna-main/Projet_Laravel/vendor/laravel/framework/src/Illuminate/Foundation/Console/Kernel.php(198): Symfony/Component/Console/Application->run(Object(Symfony/Component/Console/Input/ArgvInput), Object(Symfony/Component/Console/Output/ConsoleOutput))
#40 D:/Project Android Studio/Trackly/PMOB_Bulan_Mei_POV_Pengguna-main/Projet_Laravel/artisan(35): Illuminate/Foundation/Console/Kernel->handle(Object(Symfony/Component/Console/Input/ArgvInput), Object(Symfony/Component/Console/Output/ConsoleOutput))
#41 {main}
"} 
[2026-05-12 14:32:58] local.ERROR: SQLSTATE[HY000]: General error: 1 no such table: riwayat_pengirimen (Connection: sqlite, SQL: insert into "riwayat_pengirimen" ("nomor_resi", "ekspedisi", "pengirim", "penerima", "alamat_penerima", "status_terakhir", "detail_tracking", "tanggal_cek", "updated_at", "created_at") values (JNE123456789, jne, Toko Online, John Doe, Jl. Sudirman No. 123, Jakarta, DELIVERED, [{"date":"2024-01-01","status":"Package received"},{"date":"2024-01-02","status":"In transit"},{"date":"2024-01-03","status":"Delivered"}], 2026-05-12 14:32:58, 2026-05-12 14:32:58, 2026-05-12 14:32:58)) {"exception":"[object] (Illuminate\\Database\\QueryException(code: HY000): SQLSTATE[HY000]: General error: 1 no such table: riwayat_pengirimen (Connection: sqlite, SQL: insert into \"riwayat_pengirimen\" (\"nomor_resi\", \"ekspedisi\", \"pengirim\", \"penerima\", \"alamat_penerima\", \"status_terakhir\", \"detail_tracking\", \"tanggal_cek\", \"updated_at\", \"created_at\") values (JNE123456789, jne, Toko Online, John Doe, Jl. Sudirman No. 123, Jakarta, DELIVERED, [{\"date\":\"2024-01-01\",\"status\":\"Package received\"},{\"date\":\"2024-01-02\",\"status\":\"In transit\"},{\"date\":\"2024-01-03\",\"status\":\"Delivered\"}], 2026-05-12 14:32:58, 2026-05-12 14:32:58, 2026-05-12 14:32:58)) at D:/Project Android Studio/Trackly/PMOB_Bulan_Mei_POV_Pengguna-main/Projet_Laravel/vendor/laravel/framework/src/Illuminate/Database/Connection.php:825)
[stacktrace]
#0 D:/Project Android Studio/Trackly/PMOB_Bulan_Mei_POV_Pengguna-main/Projet_Laravel/vendor/laravel/framework/src/Illuminate/Database/Connection.php(779): Illuminate/Database/Connection->runQueryCallback('insert into \"ri...', Array, Object(Closure))
#1 D:/Project Android Studio/Trackly/PMOB_Bulan_Mei_POV_Pengguna-main/Projet_Laravel/vendor/laravel/framework/src/Illuminate/Database/Connection.php(560): Illuminate/Database/Connection->run('insert into \"ri...', Array, Object(Closure))
#2 D:/Project Android Studio/Trackly/PMOB_Bulan_Mei_POV_Pengguna-main/Projet_Laravel/vendor/laravel/framework/src/Illuminate/Database/Connection.php(524): Illuminate/Database/Connection->statement('insert into \"ri...', Array)
#3 D:/Project Android Studio/Trackly/PMOB_Bulan_Mei_POV_Pengguna-main/Projet_Laravel/vendor/laravel/framework/src/Illuminate/Database/Query/Processors/Processor.php(32): Illuminate/Database/Connection->insert('insert into \"ri...', Array)
#4 D:/Project Android Studio/Trackly/PMOB_Bulan_Mei_POV_Pengguna-main/Projet_Laravel/vendor/laravel/framework/src/Illuminate/Database/Query/Builder.php(3766): Illuminate/Database/Query/Processors/Processor->processInsertGetId(Object(Illuminate/Database/Query/Builder), 'insert into \"ri...', Array, 'id')
#5 D:/Project Android Studio/Trackly/PMOB_Bulan_Mei_POV_Pengguna-main/Projet_Laravel/vendor/laravel/framework/src/Illuminate/Database/Eloquent/Builder.php(2120): Illuminate/Database/Query/Builder->insertGetId(Array, 'id')
#6 D:/Project Android Studio/Trackly/PMOB_Bulan_Mei_POV_Pengguna-main/Projet_Laravel/vendor/laravel/framework/src/Illuminate/Database/Eloquent/Model.php(1359): Illuminate/Database/Eloquent/Builder->__call('insertGetId', Array)
#7 D:/Project Android Studio/Trackly/PMOB_Bulan_Mei_POV_Pengguna-main/Projet_Laravel/vendor/laravel/framework/src/Illuminate/Database/Eloquent/Model.php(1324): Illuminate/Database/Eloquent/Model->insertAndSetId(Object(Illuminate/Database/Eloquent/Builder), Array)
#8 D:/Project Android Studio/Trackly/PMOB_Bulan_Mei_POV_Pengguna-main/Projet_Laravel/vendor/laravel/framework/src/Illuminate/Database/Eloquent/Model.php(1163): Illuminate/Database/Eloquent/Model->performInsert(Object(Illuminate/Database/Eloquent/Builder))
#9 D:/Project Android Studio/Trackly/PMOB_Bulan_Mei_POV_Pengguna-main/Projet_Laravel/vendor/laravel/framework/src/Illuminate/Database/Eloquent/Builder.php(1128): Illuminate/Database/Eloquent/Model->save()
#10 D:/Project Android Studio/Trackly/PMOB_Bulan_Mei_POV_Pengguna-main/Projet_Laravel/vendor/laravel/framework/src/Illuminate/Support/helpers.php(399): Illuminate/Database/Eloquent/Builder->Illuminate/Database/Eloquent/{closure}(Object(App/Models/RiwayatPengiriman))
#11 D:/Project Android Studio/Trackly/PMOB_Bulan_Mei_POV_Pengguna-main/Projet_Laravel/vendor/laravel/framework/src/Illuminate/Database/Eloquent/Builder.php(1127): tap(Object(App/Models/RiwayatPengiriman), Object(Closure))
#12 D:/Project Android Studio/Trackly/PMOB_Bulan_Mei_POV_Pengguna-main/Projet_Laravel/vendor/laravel/framework/src/Illuminate/Support/Traits/ForwardsCalls.php(23): Illuminate/Database/Eloquent/Builder->create(Array)
#13 D:/Project Android Studio/Trackly/PMOB_Bulan_Mei_POV_Pengguna-main/Projet_Laravel/vendor/laravel/framework/src/Illuminate/Database/Eloquent/Model.php(2372): Illuminate/Database/Eloquent/Model->forwardCallTo(Object(Illuminate/Database/Eloquent/Builder), 'create', Array)
#14 D:/Project Android Studio/Trackly/PMOB_Bulan_Mei_POV_Pengguna-main/Projet_Laravel/vendor/laravel/framework/src/Illuminate/Database/Eloquent/Model.php(2384): Illuminate/Database/Eloquent/Model->__call('create', Array)
#15 D:/Project Android Studio/Trackly/PMOB_Bulan_Mei_POV_Pengguna-main/Projet_Laravel/database/seeders/DatabaseSeeder.php(46): Illuminate/Database/Eloquent/Model::__callStatic('create', Array)
#16 D:/Project Android Studio/Trackly/PMOB_Bulan_Mei_POV_Pengguna-main/Projet_Laravel/vendor/laravel/framework/src/Illuminate/Container/BoundMethod.php(36): Database/Seeders/DatabaseSeeder->run()
#17 D:/Project Android Studio/Trackly/PMOB_Bulan_Mei_POV_Pengguna-main/Projet_Laravel/vendor/laravel/framework/src/Illuminate/Container/Util.php(43): Illuminate/Container/BoundMethod::Illuminate/Container/{closure}()
#18 D:/Project Android Studio/Trackly/PMOB_Bulan_Mei_POV_Pengguna-main/Projet_Laravel/vendor/laravel/framework/src/Illuminate/Container/BoundMethod.php(95): Illuminate/Container/Util::unwrapIfClosure(Object(Closure))
#19 D:/Project Android Studio/Trackly/PMOB_Bulan_Mei_POV_Pengguna-main/Projet_Laravel/vendor/laravel/framework/src/Illuminate/Container/BoundMethod.php(35): Illuminate/Container/BoundMethod::callBoundMethod(Object(Illuminate/Foundation/Application), Array, Object(Closure))
#20 D:/Project Android Studio/Trackly/PMOB_Bulan_Mei_POV_Pengguna-main/Projet_Laravel/vendor/laravel/framework/src/Illuminate/Container/Container.php(696): Illuminate/Container/BoundMethod::call(Object(Illuminate/Foundation/Application), Array, Array, NULL)
#21 D:/Project Android Studio/Trackly/PMOB_Bulan_Mei_POV_Pengguna-main/Projet_Laravel/vendor/laravel/framework/src/Illuminate/Database/Seeder.php(188): Illuminate/Container/Container->call(Array, Array)
#22 D:/Project Android Studio/Trackly/PMOB_Bulan_Mei_POV_Pengguna-main/Projet_Laravel/vendor/laravel/framework/src/Illuminate/Database/Seeder.php(197): Illuminate/Database/Seeder->Illuminate/Database/{closure}()
#23 D:/Project Android Studio/Trackly/PMOB_Bulan_Mei_POV_Pengguna-main/Projet_Laravel/vendor/laravel/framework/src/Illuminate/Database/Console/Seeds/SeedCommand.php(70): Illuminate/Database/Seeder->__invoke()
#24 D:/Project Android Studio/Trackly/PMOB_Bulan_Mei_POV_Pengguna-main/Projet_Laravel/vendor/laravel/framework/src/Illuminate/Database/Eloquent/Concerns/GuardsAttributes.php(155): Illuminate/Database/Console/Seeds/SeedCommand->Illuminate/Database/Console/Seeds/{closure}()
#25 D:/Project Android Studio/Trackly/PMOB_Bulan_Mei_POV_Pengguna-main/Projet_Laravel/vendor/laravel/framework/src/Illuminate/Database/Console/Seeds/SeedCommand.php(69): Illuminate/Database/Eloquent/Model::unguarded(Object(Closure))
#26 D:/Project Android Studio/Trackly/PMOB_Bulan_Mei_POV_Pengguna-main/Projet_Laravel/vendor/laravel/framework/src/Illuminate/Container/BoundMethod.php(36): Illuminate/Database/Console/Seeds/SeedCommand->handle()
#27 D:/Project Android Studio/Trackly/PMOB_Bulan_Mei_POV_Pengguna-main/Projet_Laravel/vendor/laravel/framework/src/Illuminate/Container/Util.php(43): Illuminate/Container/BoundMethod::Illuminate/Container/{closure}()
#28 D:/Project Android Studio/Trackly/PMOB_Bulan_Mei_POV_Pengguna-main/Projet_Laravel/vendor/laravel/framework/src/Illuminate/Container/BoundMethod.php(95): Illuminate/Container/Util::unwrapIfClosure(Object(Closure))
#29 D:/Project Android Studio/Trackly/PMOB_Bulan_Mei_POV_Pengguna-main/Projet_Laravel/vendor/laravel/framework/src/Illuminate/Container/BoundMethod.php(35): Illuminate/Container/BoundMethod::callBoundMethod(Object(Illuminate/Foundation/Application), Array, Object(Closure))
#30 D:/Project Android Studio/Trackly/PMOB_Bulan_Mei_POV_Pengguna-main/Projet_Laravel/vendor/laravel/framework/src/Illuminate/Container/Container.php(696): Illuminate/Container/BoundMethod::call(Object(Illuminate/Foundation/Application), Array, Array, NULL)
#31 D:/Project Android Studio/Trackly/PMOB_Bulan_Mei_POV_Pengguna-main/Projet_Laravel/vendor/laravel/framework/src/Illuminate/Console/Command.php(213): Illuminate/Container/Container->call(Array)
#32 D:/Project Android Studio/Trackly/PMOB_Bulan_Mei_POV_Pengguna-main/Projet_Laravel/vendor/symfony/console/Command/Command.php(341): Illuminate/Console/Command->execute(Object(Symfony/Component/Console/Input/ArrayInput), Object(Illuminate/Console/OutputStyle))
#33 D:/Project Android Studio/Trackly/PMOB_Bulan_Mei_POV_Pengguna-main/Projet_Laravel/vendor/laravel/framework/src/Illuminate/Console/Command.php(182): Symfony/Component/Console/Command/Command->run(Object(Symfony/Component/Console/Input/ArrayInput), Object(Illuminate/Console/OutputStyle))
#34 D:/Project Android Studio/Trackly/PMOB_Bulan_Mei_POV_Pengguna-main/Projet_Laravel/vendor/laravel/framework/src/Illuminate/Console/Concerns/CallsCommands.php(68): Illuminate/Console/Command->run(Object(Symfony/Component/Console/Input/ArrayInput), Object(Illuminate/Console/OutputStyle))
#35 D:/Project Android Studio/Trackly/PMOB_Bulan_Mei_POV_Pengguna-main/Projet_Laravel/vendor/laravel/framework/src/Illuminate/Console/Concerns/CallsCommands.php(29): Illuminate/Console/Command->runCommand('db:seed', Array, Object(Illuminate/Console/OutputStyle))
#36 D:/Project Android Studio/Trackly/PMOB_Bulan_Mei_POV_Pengguna-main/Projet_Laravel/vendor/laravel/framework/src/Illuminate/Database/Console/Migrations/FreshCommand.php(122): Illuminate/Console/Command->call('db:seed', Array)
#37 D:/Project Android Studio/Trackly/PMOB_Bulan_Mei_POV_Pengguna-main/Projet_Laravel/vendor/laravel/framework/src/Illuminate/Database/Console/Migrations/FreshCommand.php(98): Illuminate/Database/Console/Migrations/FreshCommand->runSeeder(NULL)
#38 D:/Project Android Studio/Trackly/PMOB_Bulan_Mei_POV_Pengguna-main/Projet_Laravel/vendor/laravel/framework/src/Illuminate/Container/BoundMethod.php(36): Illuminate/Database/Console/Migrations/FreshCommand->handle()
#39 D:/Project Android Studio/Trackly/PMOB_Bulan_Mei_POV_Pengguna-main/Projet_Laravel/vendor/laravel/framework/src/Illuminate/Container/Util.php(43): Illuminate/Container/BoundMethod::Illuminate/Container/{closure}()
#40 D:/Project Android Studio/Trackly/PMOB_Bulan_Mei_POV_Pengguna-main/Projet_Laravel/vendor/laravel/framework/src/Illuminate/Container/BoundMethod.php(95): Illuminate/Container/Util::unwrapIfClosure(Object(Closure))
#41 D:/Project Android Studio/Trackly/PMOB_Bulan_Mei_POV_Pengguna-main/Projet_Laravel/vendor/laravel/framework/src/Illuminate/Container/BoundMethod.php(35): Illuminate/Container/BoundMethod::callBoundMethod(Object(Illuminate/Foundation/Application), Array, Object(Closure))
#42 D:/Project Android Studio/Trackly/PMOB_Bulan_Mei_POV_Pengguna-main/Projet_Laravel/vendor/laravel/framework/src/Illuminate/Container/Container.php(696): Illuminate/Container/BoundMethod::call(Object(Illuminate/Foundation/Application), Array, Array, NULL)
#43 D:/Project Android Studio/Trackly/PMOB_Bulan_Mei_POV_Pengguna-main/Projet_Laravel/vendor/laravel/framework/src/Illuminate/Console/Command.php(213): Illuminate/Container/Container->call(Array)
#44 D:/Project Android Studio/Trackly/PMOB_Bulan_Mei_POV_Pengguna-main/Projet_Laravel/vendor/symfony/console/Command/Command.php(341): Illuminate/Console/Command->execute(Object(Symfony/Component/Console/Input/ArgvInput), Object(Illuminate/Console/OutputStyle))
#45 D:/Project Android Studio/Trackly/PMOB_Bulan_Mei_POV_Pengguna-main/Projet_Laravel/vendor/laravel/framework/src/Illuminate/Console/Command.php(182): Symfony/Component/Console/Command/Command->run(Object(Symfony/Component/Console/Input/ArgvInput), Object(Illuminate/Console/OutputStyle))
#46 D:/Project Android Studio/Trackly/PMOB_Bulan_Mei_POV_Pengguna-main/Projet_Laravel/vendor/symfony/console/Application.php(1117): Illuminate/Console/Command->run(Object(Symfony/Component/Console/Input/ArgvInput), Object(Symfony/Component/Console/Output/ConsoleOutput))
#47 D:/Project Android Studio/Trackly/PMOB_Bulan_Mei_POV_Pengguna-main/Projet_Laravel/vendor/symfony/console/Application.php(356): Symfony/Component/Console/Application->doRunCommand(Object(Illuminate/Database/Console/Migrations/FreshCommand), Object(Symfony/Component/Console/Input/ArgvInput), Object(Symfony/Component/Console/Output/ConsoleOutput))
#48 D:/Project Android Studio/Trackly/PMOB_Bulan_Mei_POV_Pengguna-main/Projet_Laravel/vendor/symfony/console/Application.php(195): Symfony/Component/Console/Application->doRun(Object(Symfony/Component/Console/Input/ArgvInput), Object(Symfony/Component/Console/Output/ConsoleOutput))
#49 D:/Project Android Studio/Trackly/PMOB_Bulan_Mei_POV_Pengguna-main/Projet_Laravel/vendor/laravel/framework/src/Illuminate/Foundation/Console/Kernel.php(198): Symfony/Component/Console/Application->run(Object(Symfony/Component/Console/Input/ArgvInput), Object(Symfony/Component/Console/Output/ConsoleOutput))
#50 D:/Project Android Studio/Trackly/PMOB_Bulan_Mei_POV_Pengguna-main/Projet_Laravel/artisan(35): Illuminate/Foundation/Console/Kernel->handle(Object(Symfony/Component/Console/Input/ArgvInput), Object(Symfony/Component/Console/Output/ConsoleOutput))
#51 {main}

[previous exception] [object] (PDOException(code: HY000): SQLSTATE[HY000]: General error: 1 no such table: riwayat_pengirimen at D:/Project Android Studio/Trackly/PMOB_Bulan_Mei_POV_Pengguna-main/Projet_Laravel/vendor/laravel/framework/src/Illuminate/Database/Connection.php:565)
[stacktrace]
#0 D:/Project Android Studio/Trackly/PMOB_Bulan_Mei_POV_Pengguna-main/Projet_Laravel/vendor/laravel/framework/src/Illuminate/Database/Connection.php(565): PDO->prepare('insert into \"ri...')
#1 D:/Project Android Studio/Trackly/PMOB_Bulan_Mei_POV_Pengguna-main/Projet_Laravel/vendor/laravel/framework/src/Illuminate/Database/Connection.php(812): Illuminate/Database/Connection->Illuminate/Database/{closure}('insert into \"ri...', Array)
#2 D:/Project Android Studio/Trackly/PMOB_Bulan_Mei_POV_Pengguna-main/Projet_Laravel/vendor/laravel/framework/src/Illuminate/Database/Connection.php(779): Illuminate/Database/Connection->runQueryCallback('insert into \"ri...', Array, Object(Closure))
#3 D:/Project Android Studio/Trackly/PMOB_Bulan_Mei_POV_Pengguna-main/Projet_Laravel/vendor/laravel/framework/src/Illuminate/Database/Connection.php(560): Illuminate/Database/Connection->run('insert into \"ri...', Array, Object(Closure))
#4 D:/Project Android Studio/Trackly/PMOB_Bulan_Mei_POV_Pengguna-main/Projet_Laravel/vendor/laravel/framework/src/Illuminate/Database/Connection.php(524): Illuminate/Database/Connection->statement('insert into \"ri...', Array)
#5 D:/Project Android Studio/Trackly/PMOB_Bulan_Mei_POV_Pengguna-main/Projet_Laravel/vendor/laravel/framework/src/Illuminate/Database/Query/Processors/Processor.php(32): Illuminate/Database/Connection->insert('insert into \"ri...', Array)
#6 D:/Project Android Studio/Trackly/PMOB_Bulan_Mei_POV_Pengguna-main/Projet_Laravel/vendor/laravel/framework/src/Illuminate/Database/Query/Builder.php(3766): Illuminate/Database/Query/Processors/Processor->processInsertGetId(Object(Illuminate/Database/Query/Builder), 'insert into \"ri...', Array, 'id')
#7 D:/Project Android Studio/Trackly/PMOB_Bulan_Mei_POV_Pengguna-main/Projet_Laravel/vendor/laravel/framework/src/Illuminate/Database/Eloquent/Builder.php(2120): Illuminate/Database/Query/Builder->insertGetId(Array, 'id')
#8 D:/Project Android Studio/Trackly/PMOB_Bulan_Mei_POV_Pengguna-main/Projet_Laravel/vendor/laravel/framework/src/Illuminate/Database/Eloquent/Model.php(1359): Illuminate/Database/Eloquent/Builder->__call('insertGetId', Array)
#9 D:/Project Android Studio/Trackly/PMOB_Bulan_Mei_POV_Pengguna-main/Projet_Laravel/vendor/laravel/framework/src/Illuminate/Database/Eloquent/Model.php(1324): Illuminate/Database/Eloquent/Model->insertAndSetId(Object(Illuminate/Database/Eloquent/Builder), Array)
#10 D:/Project Android Studio/Trackly/PMOB_Bulan_Mei_POV_Pengguna-main/Projet_Laravel/vendor/laravel/framework/src/Illuminate/Database/Eloquent/Model.php(1163): Illuminate/Database/Eloquent/Model->performInsert(Object(Illuminate/Database/Eloquent/Builder))
#11 D:/Project Android Studio/Trackly/PMOB_Bulan_Mei_POV_Pengguna-main/Projet_Laravel/vendor/laravel/framework/src/Illuminate/Database/Eloquent/Builder.php(1128): Illuminate/Database/Eloquent/Model->save()
#12 D:/Project Android Studio/Trackly/PMOB_Bulan_Mei_POV_Pengguna-main/Projet_Laravel/vendor/laravel/framework/src/Illuminate/Support/helpers.php(399): Illuminate/Database/Eloquent/Builder->Illuminate/Database/Eloquent/{closure}(Object(App/Models/RiwayatPengiriman))
#13 D:/Project Android Studio/Trackly/PMOB_Bulan_Mei_POV_Pengguna-main/Projet_Laravel/vendor/laravel/framework/src/Illuminate/Database/Eloquent/Builder.php(1127): tap(Object(App/Models/RiwayatPengiriman), Object(Closure))
#14 D:/Project Android Studio/Trackly/PMOB_Bulan_Mei_POV_Pengguna-main/Projet_Laravel/vendor/laravel/framework/src/Illuminate/Support/Traits/ForwardsCalls.php(23): Illuminate/Database/Eloquent/Builder->create(Array)
#15 D:/Project Android Studio/Trackly/PMOB_Bulan_Mei_POV_Pengguna-main/Projet_Laravel/vendor/laravel/framework/src/Illuminate/Database/Eloquent/Model.php(2372): Illuminate/Database/Eloquent/Model->forwardCallTo(Object(Illuminate/Database/Eloquent/Builder), 'create', Array)
#16 D:/Project Android Studio/Trackly/PMOB_Bulan_Mei_POV_Pengguna-main/Projet_Laravel/vendor/laravel/framework/src/Illuminate/Database/Eloquent/Model.php(2384): Illuminate/Database/Eloquent/Model->__call('create', Array)
#17 D:/Project Android Studio/Trackly/PMOB_Bulan_Mei_POV_Pengguna-main/Projet_Laravel/database/seeders/DatabaseSeeder.php(46): Illuminate/Database/Eloquent/Model::__callStatic('create', Array)
#18 D:/Project Android Studio/Trackly/PMOB_Bulan_Mei_POV_Pengguna-main/Projet_Laravel/vendor/laravel/framework/src/Illuminate/Container/BoundMethod.php(36): Database/Seeders/DatabaseSeeder->run()
#19 D:/Project Android Studio/Trackly/PMOB_Bulan_Mei_POV_Pengguna-main/Projet_Laravel/vendor/laravel/framework/src/Illuminate/Container/Util.php(43): Illuminate/Container/BoundMethod::Illuminate/Container/{closure}()
#20 D:/Project Android Studio/Trackly/PMOB_Bulan_Mei_POV_Pengguna-main/Projet_Laravel/vendor/laravel/framework/src/Illuminate/Container/BoundMethod.php(95): Illuminate/Container/Util::unwrapIfClosure(Object(Closure))
#21 D:/Project Android Studio/Trackly/PMOB_Bulan_Mei_POV_Pengguna-main/Projet_Laravel/vendor/laravel/framework/src/Illuminate/Container/BoundMethod.php(35): Illuminate/Container/BoundMethod::callBoundMethod(Object(Illuminate/Foundation/Application), Array, Object(Closure))
#22 D:/Project Android Studio/Trackly/PMOB_Bulan_Mei_POV_Pengguna-main/Projet_Laravel/vendor/laravel/framework/src/Illuminate/Container/Container.php(696): Illuminate/Container/BoundMethod::call(Object(Illuminate/Foundation/Application), Array, Array, NULL)
#23 D:/Project Android Studio/Trackly/PMOB_Bulan_Mei_POV_Pengguna-main/Projet_Laravel/vendor/laravel/framework/src/Illuminate/Database/Seeder.php(188): Illuminate/Container/Container->call(Array, Array)
#24 D:/Project Android Studio/Trackly/PMOB_Bulan_Mei_POV_Pengguna-main/Projet_Laravel/vendor/laravel/framework/src/Illuminate/Database/Seeder.php(197): Illuminate/Database/Seeder->Illuminate/Database/{closure}()
#25 D:/Project Android Studio/Trackly/PMOB_Bulan_Mei_POV_Pengguna-main/Projet_Laravel/vendor/laravel/framework/src/Illuminate/Database/Console/Seeds/SeedCommand.php(70): Illuminate/Database/Seeder->__invoke()
#26 D:/Project Android Studio/Trackly/PMOB_Bulan_Mei_POV_Pengguna-main/Projet_Laravel/vendor/laravel/framework/src/Illuminate/Database/Eloquent/Concerns/GuardsAttributes.php(155): Illuminate/Database/Console/Seeds/SeedCommand->Illuminate/Database/Console/Seeds/{closure}()
#27 D:/Project Android Studio/Trackly/PMOB_Bulan_Mei_POV_Pengguna-main/Projet_Laravel/vendor/laravel/framework/src/Illuminate/Database/Console/Seeds/SeedCommand.php(69): Illuminate/Database/Eloquent/Model::unguarded(Object(Closure))
#28 D:/Project Android Studio/Trackly/PMOB_Bulan_Mei_POV_Pengguna-main/Projet_Laravel/vendor/laravel/framework/src/Illuminate/Container/BoundMethod.php(36): Illuminate/Database/Console/Seeds/SeedCommand->handle()
#29 D:/Project Android Studio/Trackly/PMOB_Bulan_Mei_POV_Pengguna-main/Projet_Laravel/vendor/laravel/framework/src/Illuminate/Container/Util.php(43): Illuminate/Container/BoundMethod::Illuminate/Container/{closure}()
#30 D:/Project Android Studio/Trackly/PMOB_Bulan_Mei_POV_Pengguna-main/Projet_Laravel/vendor/laravel/framework/src/Illuminate/Container/BoundMethod.php(95): Illuminate/Container/Util::unwrapIfClosure(Object(Closure))
#31 D:/Project Android Studio/Trackly/PMOB_Bulan_Mei_POV_Pengguna-main/Projet_Laravel/vendor/laravel/framework/src/Illuminate/Container/BoundMethod.php(35): Illuminate/Container/BoundMethod::callBoundMethod(Object(Illuminate/Foundation/Application), Array, Object(Closure))
#32 D:/Project Android Studio/Trackly/PMOB_Bulan_Mei_POV_Pengguna-main/Projet_Laravel/vendor/laravel/framework/src/Illuminate/Container/Container.php(696): Illuminate/Container/BoundMethod::call(Object(Illuminate/Foundation/Application), Array, Array, NULL)
#33 D:/Project Android Studio/Trackly/PMOB_Bulan_Mei_POV_Pengguna-main/Projet_Laravel/vendor/laravel/framework/src/Illuminate/Console/Command.php(213): Illuminate/Container/Container->call(Array)
#34 D:/Project Android Studio/Trackly/PMOB_Bulan_Mei_POV_Pengguna-main/Projet_Laravel/vendor/symfony/console/Command/Command.php(341): Illuminate/Console/Command->execute(Object(Symfony/Component/Console/Input/ArrayInput), Object(Illuminate/Console/OutputStyle))
#35 D:/Project Android Studio/Trackly/PMOB_Bulan_Mei_POV_Pengguna-main/Projet_Laravel/vendor/laravel/framework/src/Illuminate/Console/Command.php(182): Symfony/Component/Console/Command/Command->run(Object(Symfony/Component/Console/Input/ArrayInput), Object(Illuminate/Console/OutputStyle))
#36 D:/Project Android Studio/Trackly/PMOB_Bulan_Mei_POV_Pengguna-main/Projet_Laravel/vendor/laravel/framework/src/Illuminate/Console/Concerns/CallsCommands.php(68): Illuminate/Console/Command->run(Object(Symfony/Component/Console/Input/ArrayInput), Object(Illuminate/Console/OutputStyle))
#37 D:/Project Android Studio/Trackly/PMOB_Bulan_Mei_POV_Pengguna-main/Projet_Laravel/vendor/laravel/framework/src/Illuminate/Console/Concerns/CallsCommands.php(29): Illuminate/Console/Command->runCommand('db:seed', Array, Object(Illuminate/Console/OutputStyle))
#38 D:/Project Android Studio/Trackly/PMOB_Bulan_Mei_POV_Pengguna-main/Projet_Laravel/vendor/laravel/framework/src/Illuminate/Database/Console/Migrations/FreshCommand.php(122): Illuminate/Console/Command->call('db:seed', Array)
#39 D:/Project Android Studio/Trackly/PMOB_Bulan_Mei_POV_Pengguna-main/Projet_Laravel/vendor/laravel/framework/src/Illuminate/Database/Console/Migrations/FreshCommand.php(98): Illuminate/Database/Console/Migrations/FreshCommand->runSeeder(NULL)
#40 D:/Project Android Studio/Trackly/PMOB_Bulan_Mei_POV_Pengguna-main/Projet_Laravel/vendor/laravel/framework/src/Illuminate/Container/BoundMethod.php(36): Illuminate/Database/Console/Migrations/FreshCommand->handle()
#41 D:/Project Android Studio/Trackly/PMOB_Bulan_Mei_POV_Pengguna-main/Projet_Laravel/vendor/laravel/framework/src/Illuminate/Container/Util.php(43): Illuminate/Container/BoundMethod::Illuminate/Container/{closure}()
#42 D:/Project Android Studio/Trackly/PMOB_Bulan_Mei_POV_Pengguna-main/Projet_Laravel/vendor/laravel/framework/src/Illuminate/Container/BoundMethod.php(95): Illuminate/Container/Util::unwrapIfClosure(Object(Closure))
#43 D:/Project Android Studio/Trackly/PMOB_Bulan_Mei_POV_Pengguna-main/Projet_Laravel/vendor/laravel/framework/src/Illuminate/Container/BoundMethod.php(35): Illuminate/Container/BoundMethod::callBoundMethod(Object(Illuminate/Foundation/Application), Array, Object(Closure))
#44 D:/Project Android Studio/Trackly/PMOB_Bulan_Mei_POV_Pengguna-main/Projet_Laravel/vendor/laravel/framework/src/Illuminate/Container/Container.php(696): Illuminate/Container/BoundMethod::call(Object(Illuminate/Foundation/Application), Array, Array, NULL)
#45 D:/Project Android Studio/Trackly/PMOB_Bulan_Mei_POV_Pengguna-main/Projet_Laravel/vendor/laravel/framework/src/Illuminate/Console/Command.php(213): Illuminate/Container/Container->call(Array)
#46 D:/Project Android Studio/Trackly/PMOB_Bulan_Mei_POV_Pengguna-main/Projet_Laravel/vendor/symfony/console/Command/Command.php(341): Illuminate/Console/Command->execute(Object(Symfony/Component/Console/Input/ArgvInput), Object(Illuminate/Console/OutputStyle))
#47 D:/Project Android Studio/Trackly/PMOB_Bulan_Mei_POV_Pengguna-main/Projet_Laravel/vendor/laravel/framework/src/Illuminate/Console/Command.php(182): Symfony/Component/Console/Command/Command->run(Object(Symfony/Component/Console/Input/ArgvInput), Object(Illuminate/Console/OutputStyle))
#48 D:/Project Android Studio/Trackly/PMOB_Bulan_Mei_POV_Pengguna-main/Projet_Laravel/vendor/symfony/console/Application.php(1117): Illuminate/Console/Command->run(Object(Symfony/Component/Console/Input/ArgvInput), Object(Symfony/Component/Console/Output/ConsoleOutput))
#49 D:/Project Android Studio/Trackly/PMOB_Bulan_Mei_POV_Pengguna-main/Projet_Laravel/vendor/symfony/console/Application.php(356): Symfony/Component/Console/Application->doRunCommand(Object(Illuminate/Database/Console/Migrations/FreshCommand), Object(Symfony/Component/Console/Input/ArgvInput), Object(Symfony/Component/Console/Output/ConsoleOutput))
#50 D:/Project Android Studio/Trackly/PMOB_Bulan_Mei_POV_Pengguna-main/Projet_Laravel/vendor/symfony/console/Application.php(195): Symfony/Component/Console/Application->doRun(Object(Symfony/Component/Console/Input/ArgvInput), Object(Symfony/Component/Console/Output/ConsoleOutput))
#51 D:/Project Android Studio/Trackly/PMOB_Bulan_Mei_POV_Pengguna-main/Projet_Laravel/vendor/laravel/framework/src/Illuminate/Foundation/Console/Kernel.php(198): Symfony/Component/Console/Application->run(Object(Symfony/Component/Console/Input/ArgvInput), Object(Symfony/Component/Console/Output/ConsoleOutput))
#52 D:/Project Android Studio/Trackly/PMOB_Bulan_Mei_POV_Pengguna-main/Projet_Laravel/artisan(35): Illuminate/Foundation/Console/Kernel->handle(Object(Symfony/Component/Console/Input/ArgvInput), Object(Symfony/Component/Console/Output/ConsoleOutput))
#53 {main}
"} 
[2026-05-12 14:33:17] local.ERROR: SQLSTATE[23000]: Integrity constraint violation: 19 UNIQUE constraint failed: users.username (Connection: sqlite, SQL: insert into "users" ("username", "email", "password", "full_name", "phone_number", "role", "updated_at", "created_at") values (pengguna, pengguna@trackly.com, $2y$10$JS8aHUw7h4tlZu6LG8dFZ.whXtOnC/j0HK2OB02dJdcZMAOHuM0Wa, Pengguna Trackly, 081234567890, customer, 2026-05-12 14:33:17, 2026-05-12 14:33:17)) {"exception":"[object] (Illuminate\\Database\\UniqueConstraintViolationException(code: 23000): SQLSTATE[23000]: Integrity constraint violation: 19 UNIQUE constraint failed: users.username (Connection: sqlite, SQL: insert into \"users\" (\"username\", \"email\", \"password\", \"full_name\", \"phone_number\", \"role\", \"updated_at\", \"created_at\") values (pengguna, pengguna@trackly.com, $2y$10$JS8aHUw7h4tlZu6LG8dFZ.whXtOnC/j0HK2OB02dJdcZMAOHuM0Wa, Pengguna Trackly, 081234567890, customer, 2026-05-12 14:33:17, 2026-05-12 14:33:17)) at D:/Project Android Studio/Trackly/PMOB_Bulan_Mei_POV_Pengguna-main/Projet_Laravel/vendor/laravel/framework/src/Illuminate/Database/Connection.php:820)
[stacktrace]
#0 D:/Project Android Studio/Trackly/PMOB_Bulan_Mei_POV_Pengguna-main/Projet_Laravel/vendor/laravel/framework/src/Illuminate/Database/Connection.php(779): Illuminate/Database/Connection->runQueryCallback('insert into \"us...', Array, Object(Closure))
#1 D:/Project Android Studio/Trackly/PMOB_Bulan_Mei_POV_Pengguna-main/Projet_Laravel/vendor/laravel/framework/src/Illuminate/Database/Connection.php(560): Illuminate/Database/Connection->run('insert into \"us...', Array, Object(Closure))
#2 D:/Project Android Studio/Trackly/PMOB_Bulan_Mei_POV_Pengguna-main/Projet_Laravel/vendor/laravel/framework/src/Illuminate/Database/Connection.php(524): Illuminate/Database/Connection->statement('insert into \"us...', Array)
#3 D:/Project Android Studio/Trackly/PMOB_Bulan_Mei_POV_Pengguna-main/Projet_Laravel/vendor/laravel/framework/src/Illuminate/Database/Query/Processors/Processor.php(32): Illuminate/Database/Connection->insert('insert into \"us...', Array)
#4 D:/Project Android Studio/Trackly/PMOB_Bulan_Mei_POV_Pengguna-main/Projet_Laravel/vendor/laravel/framework/src/Illuminate/Database/Query/Builder.php(3766): Illuminate/Database/Query/Processors/Processor->processInsertGetId(Object(Illuminate/Database/Query/Builder), 'insert into \"us...', Array, 'id')
#5 D:/Project Android Studio/Trackly/PMOB_Bulan_Mei_POV_Pengguna-main/Projet_Laravel/vendor/laravel/framework/src/Illuminate/Database/Eloquent/Builder.php(2120): Illuminate/Database/Query/Builder->insertGetId(Array, 'id')
#6 D:/Project Android Studio/Trackly/PMOB_Bulan_Mei_POV_Pengguna-main/Projet_Laravel/vendor/laravel/framework/src/Illuminate/Database/Eloquent/Model.php(1359): Illuminate/Database/Eloquent/Builder->__call('insertGetId', Array)
#7 D:/Project Android Studio/Trackly/PMOB_Bulan_Mei_POV_Pengguna-main/Projet_Laravel/vendor/laravel/framework/src/Illuminate/Database/Eloquent/Model.php(1324): Illuminate/Database/Eloquent/Model->insertAndSetId(Object(Illuminate/Database/Eloquent/Builder), Array)
#8 D:/Project Android Studio/Trackly/PMOB_Bulan_Mei_POV_Pengguna-main/Projet_Laravel/vendor/laravel/framework/src/Illuminate/Database/Eloquent/Model.php(1163): Illuminate/Database/Eloquent/Model->performInsert(Object(Illuminate/Database/Eloquent/Builder))
#9 D:/Project Android Studio/Trackly/PMOB_Bulan_Mei_POV_Pengguna-main/Projet_Laravel/vendor/laravel/framework/src/Illuminate/Database/Eloquent/Builder.php(1128): Illuminate/Database/Eloquent/Model->save()
#10 D:/Project Android Studio/Trackly/PMOB_Bulan_Mei_POV_Pengguna-main/Projet_Laravel/vendor/laravel/framework/src/Illuminate/Support/helpers.php(399): Illuminate/Database/Eloquent/Builder->Illuminate/Database/Eloquent/{closure}(Object(App/Models/User))
#11 D:/Project Android Studio/Trackly/PMOB_Bulan_Mei_POV_Pengguna-main/Projet_Laravel/vendor/laravel/framework/src/Illuminate/Database/Eloquent/Builder.php(1127): tap(Object(App/Models/User), Object(Closure))
#12 D:/Project Android Studio/Trackly/PMOB_Bulan_Mei_POV_Pengguna-main/Projet_Laravel/vendor/laravel/framework/src/Illuminate/Support/Traits/ForwardsCalls.php(23): Illuminate/Database/Eloquent/Builder->create(Array)
#13 D:/Project Android Studio/Trackly/PMOB_Bulan_Mei_POV_Pengguna-main/Projet_Laravel/vendor/laravel/framework/src/Illuminate/Database/Eloquent/Model.php(2372): Illuminate/Database/Eloquent/Model->forwardCallTo(Object(Illuminate/Database/Eloquent/Builder), 'create', Array)
#14 D:/Project Android Studio/Trackly/PMOB_Bulan_Mei_POV_Pengguna-main/Projet_Laravel/vendor/laravel/framework/src/Illuminate/Database/Eloquent/Model.php(2384): Illuminate/Database/Eloquent/Model->__call('create', Array)
#15 D:/Project Android Studio/Trackly/PMOB_Bulan_Mei_POV_Pengguna-main/Projet_Laravel/database/seeders/DatabaseSeeder.php(18): Illuminate/Database/Eloquent/Model::__callStatic('create', Array)
#16 D:/Project Android Studio/Trackly/PMOB_Bulan_Mei_POV_Pengguna-main/Projet_Laravel/vendor/laravel/framework/src/Illuminate/Container/BoundMethod.php(36): Database/Seeders/DatabaseSeeder->run()
#17 D:/Project Android Studio/Trackly/PMOB_Bulan_Mei_POV_Pengguna-main/Projet_Laravel/vendor/laravel/framework/src/Illuminate/Container/Util.php(43): Illuminate/Container/BoundMethod::Illuminate/Container/{closure}()
#18 D:/Project Android Studio/Trackly/PMOB_Bulan_Mei_POV_Pengguna-main/Projet_Laravel/vendor/laravel/framework/src/Illuminate/Container/BoundMethod.php(95): Illuminate/Container/Util::unwrapIfClosure(Object(Closure))
#19 D:/Project Android Studio/Trackly/PMOB_Bulan_Mei_POV_Pengguna-main/Projet_Laravel/vendor/laravel/framework/src/Illuminate/Container/BoundMethod.php(35): Illuminate/Container/BoundMethod::callBoundMethod(Object(Illuminate/Foundation/Application), Array, Object(Closure))
#20 D:/Project Android Studio/Trackly/PMOB_Bulan_Mei_POV_Pengguna-main/Projet_Laravel/vendor/laravel/framework/src/Illuminate/Container/Container.php(696): Illuminate/Container/BoundMethod::call(Object(Illuminate/Foundation/Application), Array, Array, NULL)
#21 D:/Project Android Studio/Trackly/PMOB_Bulan_Mei_POV_Pengguna-main/Projet_Laravel/vendor/laravel/framework/src/Illuminate/Database/Seeder.php(188): Illuminate/Container/Container->call(Array, Array)
#22 D:/Project Android Studio/Trackly/PMOB_Bulan_Mei_POV_Pengguna-main/Projet_Laravel/vendor/laravel/framework/src/Illuminate/Database/Seeder.php(197): Illuminate/Database/Seeder->Illuminate/Database/{closure}()
#23 D:/Project Android Studio/Trackly/PMOB_Bulan_Mei_POV_Pengguna-main/Projet_Laravel/vendor/laravel/framework/src/Illuminate/Database/Console/Seeds/SeedCommand.php(70): Illuminate/Database/Seeder->__invoke()
#24 D:/Project Android Studio/Trackly/PMOB_Bulan_Mei_POV_Pengguna-main/Projet_Laravel/vendor/laravel/framework/src/Illuminate/Database/Eloquent/Concerns/GuardsAttributes.php(155): Illuminate/Database/Console/Seeds/SeedCommand->Illuminate/Database/Console/Seeds/{closure}()
#25 D:/Project Android Studio/Trackly/PMOB_Bulan_Mei_POV_Pengguna-main/Projet_Laravel/vendor/laravel/framework/src/Illuminate/Database/Console/Seeds/SeedCommand.php(69): Illuminate/Database/Eloquent/Model::unguarded(Object(Closure))
#26 D:/Project Android Studio/Trackly/PMOB_Bulan_Mei_POV_Pengguna-main/Projet_Laravel/vendor/laravel/framework/src/Illuminate/Container/BoundMethod.php(36): Illuminate/Database/Console/Seeds/SeedCommand->handle()
#27 D:/Project Android Studio/Trackly/PMOB_Bulan_Mei_POV_Pengguna-main/Projet_Laravel/vendor/laravel/framework/src/Illuminate/Container/Util.php(43): Illuminate/Container/BoundMethod::Illuminate/Container/{closure}()
#28 D:/Project Android Studio/Trackly/PMOB_Bulan_Mei_POV_Pengguna-main/Projet_Laravel/vendor/laravel/framework/src/Illuminate/Container/BoundMethod.php(95): Illuminate/Container/Util::unwrapIfClosure(Object(Closure))
#29 D:/Project Android Studio/Trackly/PMOB_Bulan_Mei_POV_Pengguna-main/Projet_Laravel/vendor/laravel/framework/src/Illuminate/Container/BoundMethod.php(35): Illuminate/Container/BoundMethod::callBoundMethod(Object(Illuminate/Foundation/Application), Array, Object(Closure))
#30 D:/Project Android Studio/Trackly/PMOB_Bulan_Mei_POV_Pengguna-main/Projet_Laravel/vendor/laravel/framework/src/Illuminate/Container/Container.php(696): Illuminate/Container/BoundMethod::call(Object(Illuminate/Foundation/Application), Array, Array, NULL)
#31 D:/Project Android Studio/Trackly/PMOB_Bulan_Mei_POV_Pengguna-main/Projet_Laravel/vendor/laravel/framework/src/Illuminate/Console/Command.php(213): Illuminate/Container/Container->call(Array)
#32 D:/Project Android Studio/Trackly/PMOB_Bulan_Mei_POV_Pengguna-main/Projet_Laravel/vendor/symfony/console/Command/Command.php(341): Illuminate/Console/Command->execute(Object(Symfony/Component/Console/Input/ArgvInput), Object(Illuminate/Console/OutputStyle))
#33 D:/Project Android Studio/Trackly/PMOB_Bulan_Mei_POV_Pengguna-main/Projet_Laravel/vendor/laravel/framework/src/Illuminate/Console/Command.php(182): Symfony/Component/Console/Command/Command->run(Object(Symfony/Component/Console/Input/ArgvInput), Object(Illuminate/Console/OutputStyle))
#34 D:/Project Android Studio/Trackly/PMOB_Bulan_Mei_POV_Pengguna-main/Projet_Laravel/vendor/symfony/console/Application.php(1117): Illuminate/Console/Command->run(Object(Symfony/Component/Console/Input/ArgvInput), Object(Symfony/Component/Console/Output/ConsoleOutput))
#35 D:/Project Android Studio/Trackly/PMOB_Bulan_Mei_POV_Pengguna-main/Projet_Laravel/vendor/symfony/console/Application.php(356): Symfony/Component/Console/Application->doRunCommand(Object(Illuminate/Database/Console/Seeds/SeedCommand), Object(Symfony/Component/Console/Input/ArgvInput), Object(Symfony/Component/Console/Output/ConsoleOutput))
#36 D:/Project Android Studio/Trackly/PMOB_Bulan_Mei_POV_Pengguna-main/Projet_Laravel/vendor/symfony/console/Application.php(195): Symfony/Component/Console/Application->doRun(Object(Symfony/Component/Console/Input/ArgvInput), Object(Symfony/Component/Console/Output/ConsoleOutput))
#37 D:/Project Android Studio/Trackly/PMOB_Bulan_Mei_POV_Pengguna-main/Projet_Laravel/vendor/laravel/framework/src/Illuminate/Foundation/Console/Kernel.php(198): Symfony/Component/Console/Application->run(Object(Symfony/Component/Console/Input/ArgvInput), Object(Symfony/Component/Console/Output/ConsoleOutput))
#38 D:/Project Android Studio/Trackly/PMOB_Bulan_Mei_POV_Pengguna-main/Projet_Laravel/artisan(35): Illuminate/Foundation/Console/Kernel->handle(Object(Symfony/Component/Console/Input/ArgvInput), Object(Symfony/Component/Console/Output/ConsoleOutput))
#39 {main}

[previous exception] [object] (PDOException(code: 23000): SQLSTATE[23000]: Integrity constraint violation: 19 UNIQUE constraint failed: users.username at D:/Project Android Studio/Trackly/PMOB_Bulan_Mei_POV_Pengguna-main/Projet_Laravel/vendor/laravel/framework/src/Illuminate/Database/Connection.php:571)
[stacktrace]
#0 D:/Project Android Studio/Trackly/PMOB_Bulan_Mei_POV_Pengguna-main/Projet_Laravel/vendor/laravel/framework/src/Illuminate/Database/Connection.php(571): PDOStatement->execute()
#1 D:/Project Android Studio/Trackly/PMOB_Bulan_Mei_POV_Pengguna-main/Projet_Laravel/vendor/laravel/framework/src/Illuminate/Database/Connection.php(812): Illuminate/Database/Connection->Illuminate/Database/{closure}('insert into \"us...', Array)
#2 D:/Project Android Studio/Trackly/PMOB_Bulan_Mei_POV_Pengguna-main/Projet_Laravel/vendor/laravel/framework/src/Illuminate/Database/Connection.php(779): Illuminate/Database/Connection->runQueryCallback('insert into \"us...', Array, Object(Closure))
#3 D:/Project Android Studio/Trackly/PMOB_Bulan_Mei_POV_Pengguna-main/Projet_Laravel/vendor/laravel/framework/src/Illuminate/Database/Connection.php(560): Illuminate/Database/Connection->run('insert into \"us...', Array, Object(Closure))
#4 D:/Project Android Studio/Trackly/PMOB_Bulan_Mei_POV_Pengguna-main/Projet_Laravel/vendor/laravel/framework/src/Illuminate/Database/Connection.php(524): Illuminate/Database/Connection->statement('insert into \"us...', Array)
#5 D:/Project Android Studio/Trackly/PMOB_Bulan_Mei_POV_Pengguna-main/Projet_Laravel/vendor/laravel/framework/src/Illuminate/Database/Query/Processors/Processor.php(32): Illuminate/Database/Connection->insert('insert into \"us...', Array)
#6 D:/Project Android Studio/Trackly/PMOB_Bulan_Mei_POV_Pengguna-main/Projet_Laravel/vendor/laravel/framework/src/Illuminate/Database/Query/Builder.php(3766): Illuminate/Database/Query/Processors/Processor->processInsertGetId(Object(Illuminate/Database/Query/Builder), 'insert into \"us...', Array, 'id')
#7 D:/Project Android Studio/Trackly/PMOB_Bulan_Mei_POV_Pengguna-main/Projet_Laravel/vendor/laravel/framework/src/Illuminate/Database/Eloquent/Builder.php(2120): Illuminate/Database/Query/Builder->insertGetId(Array, 'id')
#8 D:/Project Android Studio/Trackly/PMOB_Bulan_Mei_POV_Pengguna-main/Projet_Laravel/vendor/laravel/framework/src/Illuminate/Database/Eloquent/Model.php(1359): Illuminate/Database/Eloquent/Builder->__call('insertGetId', Array)
#9 D:/Project Android Studio/Trackly/PMOB_Bulan_Mei_POV_Pengguna-main/Projet_Laravel/vendor/laravel/framework/src/Illuminate/Database/Eloquent/Model.php(1324): Illuminate/Database/Eloquent/Model->insertAndSetId(Object(Illuminate/Database/Eloquent/Builder), Array)
#10 D:/Project Android Studio/Trackly/PMOB_Bulan_Mei_POV_Pengguna-main/Projet_Laravel/vendor/laravel/framework/src/Illuminate/Database/Eloquent/Model.php(1163): Illuminate/Database/Eloquent/Model->performInsert(Object(Illuminate/Database/Eloquent/Builder))
#11 D:/Project Android Studio/Trackly/PMOB_Bulan_Mei_POV_Pengguna-main/Projet_Laravel/vendor/laravel/framework/src/Illuminate/Database/Eloquent/Builder.php(1128): Illuminate/Database/Eloquent/Model->save()
#12 D:/Project Android Studio/Trackly/PMOB_Bulan_Mei_POV_Pengguna-main/Projet_Laravel/vendor/laravel/framework/src/Illuminate/Support/helpers.php(399): Illuminate/Database/Eloquent/Builder->Illuminate/Database/Eloquent/{closure}(Object(App/Models/User))
#13 D:/Project Android Studio/Trackly/PMOB_Bulan_Mei_POV_Pengguna-main/Projet_Laravel/vendor/laravel/framework/src/Illuminate/Database/Eloquent/Builder.php(1127): tap(Object(App/Models/User), Object(Closure))
#14 D:/Project Android Studio/Trackly/PMOB_Bulan_Mei_POV_Pengguna-main/Projet_Laravel/vendor/laravel/framework/src/Illuminate/Support/Traits/ForwardsCalls.php(23): Illuminate/Database/Eloquent/Builder->create(Array)
#15 D:/Project Android Studio/Trackly/PMOB_Bulan_Mei_POV_Pengguna-main/Projet_Laravel/vendor/laravel/framework/src/Illuminate/Database/Eloquent/Model.php(2372): Illuminate/Database/Eloquent/Model->forwardCallTo(Object(Illuminate/Database/Eloquent/Builder), 'create', Array)
#16 D:/Project Android Studio/Trackly/PMOB_Bulan_Mei_POV_Pengguna-main/Projet_Laravel/vendor/laravel/framework/src/Illuminate/Database/Eloquent/Model.php(2384): Illuminate/Database/Eloquent/Model->__call('create', Array)
#17 D:/Project Android Studio/Trackly/PMOB_Bulan_Mei_POV_Pengguna-main/Projet_Laravel/database/seeders/DatabaseSeeder.php(18): Illuminate/Database/Eloquent/Model::__callStatic('create', Array)
#18 D:/Project Android Studio/Trackly/PMOB_Bulan_Mei_POV_Pengguna-main/Projet_Laravel/vendor/laravel/framework/src/Illuminate/Container/BoundMethod.php(36): Database/Seeders/DatabaseSeeder->run()
#19 D:/Project Android Studio/Trackly/PMOB_Bulan_Mei_POV_Pengguna-main/Projet_Laravel/vendor/laravel/framework/src/Illuminate/Container/Util.php(43): Illuminate/Container/BoundMethod::Illuminate/Container/{closure}()
#20 D:/Project Android Studio/Trackly/PMOB_Bulan_Mei_POV_Pengguna-main/Projet_Laravel/vendor/laravel/framework/src/Illuminate/Container/BoundMethod.php(95): Illuminate/Container/Util::unwrapIfClosure(Object(Closure))
#21 D:/Project Android Studio/Trackly/PMOB_Bulan_Mei_POV_Pengguna-main/Projet_Laravel/vendor/laravel/framework/src/Illuminate/Container/BoundMethod.php(35): Illuminate/Container/BoundMethod::callBoundMethod(Object(Illuminate/Foundation/Application), Array, Object(Closure))
#22 D:/Project Android Studio/Trackly/PMOB_Bulan_Mei_POV_Pengguna-main/Projet_Laravel/vendor/laravel/framework/src/Illuminate/Container/Container.php(696): Illuminate/Container/BoundMethod::call(Object(Illuminate/Foundation/Application), Array, Array, NULL)
#23 D:/Project Android Studio/Trackly/PMOB_Bulan_Mei_POV_Pengguna-main/Projet_Laravel/vendor/laravel/framework/src/Illuminate/Database/Seeder.php(188): Illuminate/Container/Container->call(Array, Array)
#24 D:/Project Android Studio/Trackly/PMOB_Bulan_Mei_POV_Pengguna-main/Projet_Laravel/vendor/laravel/framework/src/Illuminate/Database/Seeder.php(197): Illuminate/Database/Seeder->Illuminate/Database/{closure}()
#25 D:/Project Android Studio/Trackly/PMOB_Bulan_Mei_POV_Pengguna-main/Projet_Laravel/vendor/laravel/framework/src/Illuminate/Database/Console/Seeds/SeedCommand.php(70): Illuminate/Database/Seeder->__invoke()
#26 D:/Project Android Studio/Trackly/PMOB_Bulan_Mei_POV_Pengguna-main/Projet_Laravel/vendor/laravel/framework/src/Illuminate/Database/Eloquent/Concerns/GuardsAttributes.php(155): Illuminate/Database/Console/Seeds/SeedCommand->Illuminate/Database/Console/Seeds/{closure}()
#27 D:/Project Android Studio/Trackly/PMOB_Bulan_Mei_POV_Pengguna-main/Projet_Laravel/vendor/laravel/framework/src/Illuminate/Database/Console/Seeds/SeedCommand.php(69): Illuminate/Database/Eloquent/Model::unguarded(Object(Closure))
#28 D:/Project Android Studio/Trackly/PMOB_Bulan_Mei_POV_Pengguna-main/Projet_Laravel/vendor/laravel/framework/src/Illuminate/Container/BoundMethod.php(36): Illuminate/Database/Console/Seeds/SeedCommand->handle()
#29 D:/Project Android Studio/Trackly/PMOB_Bulan_Mei_POV_Pengguna-main/Projet_Laravel/vendor/laravel/framework/src/Illuminate/Container/Util.php(43): Illuminate/Container/BoundMethod::Illuminate/Container/{closure}()
#30 D:/Project Android Studio/Trackly/PMOB_Bulan_Mei_POV_Pengguna-main/Projet_Laravel/vendor/laravel/framework/src/Illuminate/Container/BoundMethod.php(95): Illuminate/Container/Util::unwrapIfClosure(Object(Closure))
#31 D:/Project Android Studio/Trackly/PMOB_Bulan_Mei_POV_Pengguna-main/Projet_Laravel/vendor/laravel/framework/src/Illuminate/Container/BoundMethod.php(35): Illuminate/Container/BoundMethod::callBoundMethod(Object(Illuminate/Foundation/Application), Array, Object(Closure))
#32 D:/Project Android Studio/Trackly/PMOB_Bulan_Mei_POV_Pengguna-main/Projet_Laravel/vendor/laravel/framework/src/Illuminate/Container/Container.php(696): Illuminate/Container/BoundMethod::call(Object(Illuminate/Foundation/Application), Array, Array, NULL)
#33 D:/Project Android Studio/Trackly/PMOB_Bulan_Mei_POV_Pengguna-main/Projet_Laravel/vendor/laravel/framework/src/Illuminate/Console/Command.php(213): Illuminate/Container/Container->call(Array)
#34 D:/Project Android Studio/Trackly/PMOB_Bulan_Mei_POV_Pengguna-main/Projet_Laravel/vendor/symfony/console/Command/Command.php(341): Illuminate/Console/Command->execute(Object(Symfony/Component/Console/Input/ArgvInput), Object(Illuminate/Console/OutputStyle))
#35 D:/Project Android Studio/Trackly/PMOB_Bulan_Mei_POV_Pengguna-main/Projet_Laravel/vendor/laravel/framework/src/Illuminate/Console/Command.php(182): Symfony/Component/Console/Command/Command->run(Object(Symfony/Component/Console/Input/ArgvInput), Object(Illuminate/Console/OutputStyle))
#36 D:/Project Android Studio/Trackly/PMOB_Bulan_Mei_POV_Pengguna-main/Projet_Laravel/vendor/symfony/console/Application.php(1117): Illuminate/Console/Command->run(Object(Symfony/Component/Console/Input/ArgvInput), Object(Symfony/Component/Console/Output/ConsoleOutput))
#37 D:/Project Android Studio/Trackly/PMOB_Bulan_Mei_POV_Pengguna-main/Projet_Laravel/vendor/symfony/console/Application.php(356): Symfony/Component/Console/Application->doRunCommand(Object(Illuminate/Database/Console/Seeds/SeedCommand), Object(Symfony/Component/Console/Input/ArgvInput), Object(Symfony/Component/Console/Output/ConsoleOutput))
#38 D:/Project Android Studio/Trackly/PMOB_Bulan_Mei_POV_Pengguna-main/Projet_Laravel/vendor/symfony/console/Application.php(195): Symfony/Component/Console/Application->doRun(Object(Symfony/Component/Console/Input/ArgvInput), Object(Symfony/Component/Console/Output/ConsoleOutput))
#39 D:/Project Android Studio/Trackly/PMOB_Bulan_Mei_POV_Pengguna-main/Projet_Laravel/vendor/laravel/framework/src/Illuminate/Foundation/Console/Kernel.php(198): Symfony/Component/Console/Application->run(Object(Symfony/Component/Console/Input/ArgvInput), Object(Symfony/Component/Console/Output/ConsoleOutput))
#40 D:/Project Android Studio/Trackly/PMOB_Bulan_Mei_POV_Pengguna-main/Projet_Laravel/artisan(35): Illuminate/Foundation/Console/Kernel->handle(Object(Symfony/Component/Console/Input/ArgvInput), Object(Symfony/Component/Console/Output/ConsoleOutput))
#41 {main}
"} 
